Archive member included to satisfy reference by file (symbol)

/opt/libdragon/bin/../lib/gcc/mips64-elf/14.2.0/../../../../mips64-elf/lib/libdragon.a(entrypoint.o)
                              (_start)
/opt/libdragon/bin/../lib/gcc/mips64-elf/14.2.0/../../../../mips64-elf/lib/libdragon.a(debug.o)
                              build/cpptest.o (debug_init_usblog)
/opt/libdragon/bin/../lib/gcc/mips64-elf/14.2.0/../../../../mips64-elf/lib/libdragon.a(debugcpp.o)
                              build/cpptest.o (_Z16__debug_init_cppv)
/opt/libdragon/bin/../lib/gcc/mips64-elf/14.2.0/../../../../mips64-elf/lib/libdragon.a(usb.o)
                              /opt/libdragon/bin/../lib/gcc/mips64-elf/14.2.0/../../../../mips64-elf/lib/libdragon.a(debug.o) (usb_write)
/opt/libdragon/bin/../lib/gcc/mips64-elf/14.2.0/../../../../mips64-elf/lib/libdragon.a(cart.o)
                              /opt/libdragon/bin/../lib/gcc/mips64-elf/14.2.0/../../../../mips64-elf/lib/libdragon.a(debug.o) (cart_init)
/opt/libdragon/bin/../lib/gcc/mips64-elf/14.2.0/../../../../mips64-elf/lib/libdragon.a(ff.o)
                              /opt/libdragon/bin/../lib/gcc/mips64-elf/14.2.0/../../../../mips64-elf/lib/libdragon.a(debug.o) (f_mount)
/opt/libdragon/bin/../lib/gcc/mips64-elf/14.2.0/../../../../mips64-elf/lib/libdragon.a(ffunicode.o)
                              /opt/libdragon/bin/../lib/gcc/mips64-elf/14.2.0/../../../../mips64-elf/lib/libdragon.a(ff.o) (ff_uni2oem)
/opt/libdragon/bin/../lib/gcc/mips64-elf/14.2.0/../../../../mips64-elf/lib/libdragon.a(console.o)
                              build/cpptest.o (console_set_render_mode)
/opt/libdragon/bin/../lib/gcc/mips64-elf/14.2.0/../../../../mips64-elf/lib/libdragon.a(controller.o)
                              build/cpptest.o (controller_init)
/opt/libdragon/bin/../lib/gcc/mips64-elf/14.2.0/../../../../mips64-elf/lib/libdragon.a(graphics.o)
                              /opt/libdragon/bin/../lib/gcc/mips64-elf/14.2.0/../../../../mips64-elf/lib/libdragon.a(console.o) (graphics_set_color)
/opt/libdragon/bin/../lib/gcc/mips64-elf/14.2.0/../../../../mips64-elf/lib/libdragon.a(inspector.o)
                              /opt/libdragon/bin/../lib/gcc/mips64-elf/14.2.0/../../../../mips64-elf/lib/libdragon.a(debug.o) (__inspector_assertion)
/opt/libdragon/bin/../lib/gcc/mips64-elf/14.2.0/../../../../mips64-elf/lib/libdragon.a(sprite.o)
                              /opt/libdragon/bin/../lib/gcc/mips64-elf/14.2.0/../../../../mips64-elf/lib/libdragon.a(graphics.o) (__sprite_upgrade)
/opt/libdragon/bin/../lib/gcc/mips64-elf/14.2.0/../../../../mips64-elf/lib/libdragon.a(dma.o)
                              /opt/libdragon/bin/../lib/gcc/mips64-elf/14.2.0/../../../../mips64-elf/lib/libdragon.a(debug.o) (io_accessible)
/opt/libdragon/bin/../lib/gcc/mips64-elf/14.2.0/../../../../mips64-elf/lib/libdragon.a(exception.o)
                              /opt/libdragon/bin/../lib/gcc/mips64-elf/14.2.0/../../../../mips64-elf/lib/libdragon.a(inspector.o) (__exception_dump_header)
/opt/libdragon/bin/../lib/gcc/mips64-elf/14.2.0/../../../../mips64-elf/lib/libdragon.a(do_ctors.o)
                              /opt/libdragon/bin/../lib/gcc/mips64-elf/14.2.0/../../../../mips64-elf/lib/libdragon.a(entrypoint.o) (__wrap___do_global_ctors)
/opt/libdragon/bin/../lib/gcc/mips64-elf/14.2.0/../../../../mips64-elf/lib/libdragon.a(dlfcn.o)
                              /opt/libdragon/bin/../lib/gcc/mips64-elf/14.2.0/../../../../mips64-elf/lib/libdragon.a(inspector.o) (__dl_list_head)
/opt/libdragon/bin/../lib/gcc/mips64-elf/14.2.0/../../../../mips64-elf/lib/libdragon.a(n64sys.o)
                              /opt/libdragon/bin/../lib/gcc/mips64-elf/14.2.0/../../../../mips64-elf/lib/libdragon.a(usb.o) (data_cache_hit_writeback)
/opt/libdragon/bin/../lib/gcc/mips64-elf/14.2.0/../../../../mips64-elf/lib/libdragon.a(interrupt.o)
                              /opt/libdragon/bin/../lib/gcc/mips64-elf/14.2.0/../../../../mips64-elf/lib/libdragon.a(controller.o) (register_VI_handler)
/opt/libdragon/bin/../lib/gcc/mips64-elf/14.2.0/../../../../mips64-elf/lib/libdragon.a(backtrace.o)
                              /opt/libdragon/bin/../lib/gcc/mips64-elf/14.2.0/../../../../mips64-elf/lib/libdragon.a(inspector.o) (__symbolize)
/opt/libdragon/bin/../lib/gcc/mips64-elf/14.2.0/../../../../mips64-elf/lib/libdragon.a(inthandler.o)
                              /opt/libdragon/bin/../lib/gcc/mips64-elf/14.2.0/../../../../mips64-elf/lib/libdragon.a(backtrace.o) (inthandler)
/opt/libdragon/bin/../lib/gcc/mips64-elf/14.2.0/../../../../mips64-elf/lib/libdragon.a(rompak.o)
                              /opt/libdragon/bin/../lib/gcc/mips64-elf/14.2.0/../../../../mips64-elf/lib/libdragon.a(dlfcn.o) (rompak_search_ext)
/opt/libdragon/bin/../lib/gcc/mips64-elf/14.2.0/../../../../mips64-elf/lib/libdragon.a(dragonfs.o)
[...]
Memory Configuration

Name             Origin             Length             Attributes
*default*        0x00000000         0xffffffff

Linker script and memory map

LOAD /opt/libdragon/bin/../lib/gcc/mips64-elf/14.2.0/crti.o
LOAD /opt/libdragon/bin/../lib/gcc/mips64-elf/14.2.0/crtbegin.o
LOAD build/cpptest.o
LOAD /opt/libdragon/bin/../lib/gcc/mips64-elf/14.2.0/../../../../mips64-elf/lib/libdragon.a
LOAD /opt/libdragon/bin/../lib/gcc/mips64-elf/14.2.0/../../../../mips64-elf/lib/libm.a
LOAD /opt/libdragon/bin/../lib/gcc/mips64-elf/14.2.0/../../../../mips64-elf/lib/libdragonsys.a

.intvectors     0x80000000      0x188
                0x80000000                        . = ALIGN (0x20)
 *(.intvectors)
 .intvectors    0x80000000      0x188 /opt/libdragon/bin/../lib/gcc/mips64-elf/14.2.0/../../../../mips64-elf/lib/libdragon.a(inthandler.o)
                0x80000188                        __intvectors_end = .

.text           0x80000400    0x2e7c0
                0x80000400                        __text_start = .
 *(.boot)
 .boot          0x80000400       0x68 /opt/libdragon/bin/../lib/gcc/mips64-elf/14.2.0/../../../../mips64-elf/lib/libdragon.a(entrypoint.o)
                0x80000400                _start
                0x80000470                        . = ALIGN (0x10)
 *fill*         0x80000468        0x8 
 *(.text)
 *fill*         0x80000470       0x10 
 .text          0x80000480      0x380 /opt/libdragon/bin/../lib/gcc/mips64-elf/14.2.0/../../../../mips64-elf/lib/libdragon.a(inthandler.o)
                0x80000480                inthandler
                0x80000800                inthandler_end
 .text          0x80000800     0xba08 /opt/libdragon/bin/../lib/gcc/mips64-elf/14.2.0/../../../../mips64-elf/lib/libstdc++.a(cp-demangle.o)
                0x8000c048                __cxa_demangle
                0x8000c1c8                __gcclibcxx_demangle_callback
 .text          0x8000c208       0x18 /opt/libdragon/bin/../lib/gcc/mips64-elf/14.2.0/../../../../mips64-elf/lib/libc.a(libc_a-abort.o)
                0x8000c208                abort
 .text          0x8000c220      0x120 /opt/libdragon/bin/../lib/gcc/mips64-elf/14.2.0/../../../../mips64-elf/lib/libc.a(libc_a-callocr.o)
                0x8000c220                _calloc_r
 .text          0x8000c340       0x40 /opt/libdragon/bin/../lib/gcc/mips64-elf/14.2.0/../../../../mips64-elf/lib/libc.a(libc_a-getenv.o)
                0x8000c340                _findenv
                0x8000c358                getenv
 .text          0x8000c380      0x150 /opt/libdragon/bin/../lib/gcc/mips64-elf/14.2.0/../../../../mips64-elf/lib/libc.a(libc_a-getenv_r.o)
                0x8000c380                _findenv_r
                0x8000c4b0                _getenv_r
 .text          0x8000c4d0       0x20 /opt/libdragon/bin/../lib/gcc/mips64-elf/14.2.0/../../../../mips64-elf/lib/libc.a(libc_a-malloc.o)
                0x8000c4d0                malloc
                0x8000c4e0                free
 .text          0x8000c4f0      0x8c8 /opt/libdragon/bin/../lib/gcc/mips64-elf/14.2.0/../../../../mips64-elf/lib/libc.a(libc_a-mallocr.o)
                0x8000c4f0                _malloc_r
 .text          0x8000cdb8       0x20 /opt/libdragon/bin/../lib/gcc/mips64-elf/14.2.0/../../../../mips64-elf/lib/libc.a(libc_a-mlock.o)
                0x8000cdb8                __malloc_lock
                0x8000cdc8                __malloc_unlock
 .text          0x8000cdd8       0x18 /opt/libdragon/bin/../lib/gcc/mips64-elf/14.2.0/../../../../mips64-elf/lib/libc.a(libc_a-realloc.o)
                0x8000cdd8                realloc
 .text          0x8000cdf0      0x600 /opt/libdragon/bin/../lib/gcc/mips64-elf/14.2.0/../../../../mips64-elf/lib/libc.a(libc_a-reallocr.o)
                0x8000cdf0                _realloc_r
 .text          0x8000d3f0      0x250 /opt/libdragon/bin/../lib/gcc/mips64-elf/14.2.0/../../../../mips64-elf/lib/libc.a(libc_a-strtoul.o)
                0x8000d608                _strtoul_r
                0x8000d610                strtoul_l
                0x8000d628                strtoul
 .text          0x8000d640       0x18 /opt/libdragon/bin/../lib/gcc/mips64-elf/14.2.0/../../../../mips64-elf/lib/libc.a(libc_a-cxa_atexit.o)
                0x8000d640                __cxa_atexit
 .text          0x8000d658       0x18 /opt/libdragon/bin/../lib/gcc/mips64-elf/14.2.0/../../../../mips64-elf/lib/libc.a(libc_a-malign.o)
                0x8000d658                memalign
 .text          0x8000d670      0x200 /opt/libdragon/bin/../lib/gcc/mips64-elf/14.2.0/../../../../mips64-elf/lib/libc.a(libc_a-malignr.o)
                0x8000d670                _memalign_r
 .text          0x8000d870     0x2a08 /opt/libdragon/bin/../lib/gcc/mips64-elf/14.2.0/../../../../mips64-elf/lib/libc.a(libc_a-vfprintf.o)
                0x8000d870                _vfprintf_r
                0x80010160                vfprintf
 .text          0x80010278       0x40 /opt/libdragon/bin/../lib/gcc/mips64-elf/14.2.0/../../../../mips64-elf/lib/libc.a(libc_a-sprint_r.o)
                0x80010278                __sprint_r
 .text          0x800102b8      0x458 /opt/libdragon/bin/../lib/gcc/mips64-elf/14.2.0/../../../../mips64-elf/lib/libc.a(libc_a-fflush.o)
                0x800102b8                __sflush_r
                0x80010510                _fflush_r
                0x80010618                fflush
 .text          0x80010710      0x510 /opt/libdragon/bin/../lib/gcc/mips64-elf/14.2.0/../../../../mips64-elf/lib/libc.a(libc_a-findfp.o)
                0x800109a8                __sfp
                0x80010b18                __sinit
                0x80010b90                __sfp_lock_acquire
                0x80010ba0                __sfp_lock_release
                0x80010bb0                __fp_lock_all
                0x80010be8                __fp_unlock_all
 .text          0x80010c20       0x68 /opt/libdragon/bin/../lib/gcc/mips64-elf/14.2.0/../../../../mips64-elf/lib/libc.a(libc_a-fprintf.o)
                0x80010c20                _fprintf_r
                0x80010c48                fprintf
 .text          0x80010c88      0x190 /opt/libdragon/bin/../lib/gcc/mips64-elf/14.2.0/../../../../mips64-elf/lib/libc.a(libc_a-fputc.o)
                0x80010c88                _fputc_r
                0x80010d50                fputc
 .text          0x80010e18      0x180 /opt/libdragon/bin/../lib/gcc/mips64-elf/14.2.0/../../../../mips64-elf/lib/libc.a(libc_a-fputs.o)
                0x80010e18                _fputs_r
                0x80010f80                fputs
 .text          0x80010f98      0x508 /opt/libdragon/bin/../lib/gcc/mips64-elf/14.2.0/../../../../mips64-elf/lib/libc.a(libc_a-fvwrite.o)
                0x80010f98                __sfvwrite_r
 .text          0x800114a0       0xc0 /opt/libdragon/bin/../lib/gcc/mips64-elf/14.2.0/../../../../mips64-elf/lib/libc.a(libc_a-fwalk.o)
                0x800114a0                _fwalk_sglue
 .text          0x80011560      0x250 /opt/libdragon/bin/../lib/gcc/mips64-elf/14.2.0/../../../../mips64-elf/lib/libc.a(libc_a-fwrite.o)
                0x80011560                _fwrite_r
                0x80011780                fwrite
 .text          0x800117b0       0x78 /opt/libdragon/bin/../lib/gcc/mips64-elf/14.2.0/../../../../mips64-elf/lib/libc.a(libc_a-printf.o)
                0x800117b0                _printf_r
                0x800117e8                printf
 .text          0x80011828      0x240 /opt/libdragon/bin/../lib/gcc/mips64-elf/14.2.0/../../../../mips64-elf/lib/libc.a(libc_a-putc.o)
                0x80011828                _putc_r
                0x80011938                putc
 .text          0x80011a68       0x20 /opt/libdragon/bin/../lib/gcc/mips64-elf/14.2.0/../../../../mips64-elf/lib/libc.a(libc_a-putchar.o)
                0x80011a68                _putchar_r
                0x80011a70                putchar
 .text          0x80011a88      0x1a8 /opt/libdragon/bin/../lib/gcc/mips64-elf/14.2.0/../../../../mips64-elf/lib/libc.a(libc_a-puts.o)
                0x80011a88                _puts_r
                0x80011c20                puts
 .text          0x80011c30      0x2f0 /opt/libdragon/bin/../lib/gcc/mips64-elf/14.2.0/../../../../mips64-elf/lib/libc.a(libc_a-setvbuf.o)
                0x80011c30                setvbuf
 .text          0x80011f20      0x1c8 /opt/libdragon/bin/../lib/gcc/mips64-elf/14.2.0/../../../../mips64-elf/lib/libc.a(libc_a-snprintf.o)
                0x80011f20                _snprintf_r
                0x80012000                snprintf
 .text          0x800120e8       0xe0 /opt/libdragon/bin/../lib/gcc/mips64-elf/14.2.0/../../../../mips64-elf/lib/libc.a(libc_a-sprintf.o)
                0x800120e8                _sprintf_r
                0x80012150                sprintf
 .text          0x800121c8      0x190 /opt/libdragon/bin/../lib/gcc/mips64-elf/14.2.0/../../../../mips64-elf/lib/libc.a(libc_a-stdio.o)
                0x800121c8                __sread
                0x80012220                __seofread
                0x80012228                __swrite
                0x800122e8                __sseek
                0x80012350                __sclose
 .text          0x80012358       0x30 /opt/libdragon/bin/../lib/gcc/mips64-elf/14.2.0/../../../../mips64-elf/lib/libc.a(libc_a-vprintf.o)
                0x80012358                vprintf
                0x80012370                _vprintf_r
 .text          0x80012388      0x1d0 /opt/libdragon/bin/../lib/gcc/mips64-elf/14.2.0/../../../../mips64-elf/lib/libc.a(libc_a-wbuf.o)
                0x80012388                __swbuf_r
                0x80012540                __swbuf
 .text          0x80012558      0x1e0 /opt/libdragon/bin/../lib/gcc/mips64-elf/14.2.0/../../../../mips64-elf/lib/libc.a(libc_a-wsetup.o)
                0x80012558                __swsetup_r
 .text          0x80012738       0xf0 /opt/libdragon/bin/../lib/gcc/mips64-elf/14.2.0/../../../../mips64-elf/lib/libc.a(libc_a-memchr.o)
                0x80012738                memchr
 .text          0x80012828       0x80 /opt/libdragon/bin/../lib/gcc/mips64-elf/14.2.0/../../../../mips64-elf/lib/libc.a(libc_a-memcmp.o)
                0x80012828                memcmp
 .text          0x800128a8      0x168 /opt/libdragon/bin/../lib/gcc/mips64-elf/14.2.0/../../../../mips64-elf/lib/libc.a(libc_a-memmove.o)
                0x800128a8                memmove
 .text          0x80012a10       0x98 /opt/libdragon/bin/../lib/gcc/mips64-elf/14.2.0/../../../../mips64-elf/lib/libc.a(libc_a-strcat.o)
                0x80012a10                strcat
 .text          0x80012aa8      0x188 /opt/libdragon/bin/../lib/gcc/mips64-elf/14.2.0/../../../../mips64-elf/lib/libc.a(libc_a-strchr.o)
                0x80012aa8                strchr
 .text          0x80012c30       0xa8 /opt/libdragon/bin/../lib/gcc/mips64-elf/14.2.0/../../../../mips64-elf/lib/libc.a(libc_a-strcpy.o)
                0x80012c30                strcpy
 .text          0x80012cd8      0x460 /opt/libdragon/bin/../lib/gcc/mips64-elf/14.2.0/../../../../mips64-elf/lib/libc.a(libc_a-strerror.o)
                0x80012cd8                _strerror_r
                0x80013108                strerror
                0x80013120                strerror_l
 .text          0x80013138       0xc8 /opt/libdragon/bin/../lib/gcc/mips64-elf/14.2.0/../../../../mips64-elf/lib/libc.a(libc_a-strncmp.o)
                0x80013138                strncmp
 .text          0x80013200       0x70 /opt/libdragon/bin/../lib/gcc/mips64-elf/14.2.0/../../../../mips64-elf/lib/libc.a(libc_a-strrchr.o)
                0x80013200                strrchr
 .text          0x80013270      0xbb8 /opt/libdragon/bin/../lib/gcc/mips64-elf/14.2.0/../../../../mips64-elf/lib/libc.a(libc_a-strstr.o)
                0x80013b28                strstr
 .text          0x80013e28        0x8 /opt/libdragon/bin/../lib/gcc/mips64-elf/14.2.0/../../../../mips64-elf/lib/libc.a(libc_a-u_strerr.o)
                0x80013e28                _user_strerror
 .text          0x80013e30       0xc8 /opt/libdragon/bin/../lib/gcc/mips64-elf/14.2.0/../../../../mips64-elf/lib/libc.a(libc_a-xpg_strerror_r.o)
                0x80013e30                __xpg_strerror_r
 .text          0x80013ef8      0x598 /opt/libdragon/bin/../lib/gcc/mips64-elf/14.2.0/../../../../mips64-elf/lib/libc.a(libc_a-signal.o)
                0x80013ef8                _init_signal_r
                0x80013f60                _signal_r
                0x80014010                _raise_r
                0x800140c8                __sigtramp_r
                0x800141b8                raise
                0x80014280                signal
                0x80014338                _init_signal
                0x800143a8                __sigtramp
 .text          0x80014490       0x28 /opt/libdragon/bin/../lib/gcc/mips64-elf/14.2.0/../../../../mips64-elf/lib/libc.a(libc_a-localeconv.o)
                0x80014490                __localeconv_l
                0x80014498                _localeconv_r
                0x800144a8                localeconv
 .text          0x800144b8       0x50 /opt/libdragon/bin/../lib/gcc/mips64-elf/14.2.0/../../../../mips64-elf/lib/libc.a(libc_a-closer.o)
                0x800144b8                _close_r
 .text          0x80014508       0x58 /opt/libdragon/bin/../lib/gcc/mips64-elf/14.2.0/../../../../mips64-elf/lib/libc.a(libc_a-fstatr.o)
                0x80014508                _fstat_r
 .text          0x80014560       0x60 /opt/libdragon/bin/../lib/gcc/mips64-elf/14.2.0/../../../../mips64-elf/lib/libc.a(libc_a-lseekr.o)
                0x80014560                _lseek_r
 .text          0x800145c0       0x60 /opt/libdragon/bin/../lib/gcc/mips64-elf/14.2.0/../../../../mips64-elf/lib/libc.a(libc_a-readr.o)
                0x800145c0                _read_r
 .text          0x80014620       0x60 /opt/libdragon/bin/../lib/gcc/mips64-elf/14.2.0/../../../../mips64-elf/lib/libc.a(libc_a-signalr.o)
                0x80014620                _kill_r
                0x80014678                _getpid_r
 .text          0x80014680       0x50 /opt/libdragon/bin/../lib/gcc/mips64-elf/14.2.0/../../../../mips64-elf/lib/libc.a(libc_a-sbrkr.o)
                0x80014680                _sbrk_r
 .text          0x800146d0       0x60 /opt/libdragon/bin/../lib/gcc/mips64-elf/14.2.0/../../../../mips64-elf/lib/libc.a(libc_a-writer.o)
                0x800146d0                _write_r
 .text          0x80014730        0x8 /opt/libdragon/bin/../lib/gcc/mips64-elf/14.2.0/../../../../mips64-elf/lib/libc.a(libc_a-errno.o)
                0x80014730                __errno
 .text          0x80014738       0x50 /opt/libdragon/bin/../lib/gcc/mips64-elf/14.2.0/../../../../mips64-elf/lib/libc.a(libc_a-lock.o)
                0x80014738                __retarget_lock_init
                0x80014740                __retarget_lock_init_recursive
                0x80014748                __retarget_lock_close
                0x80014750                __retarget_lock_close_recursive
                0x80014758                __retarget_lock_acquire
                0x80014760                __retarget_lock_acquire_recursive
                0x80014768                __retarget_lock_try_acquire
                0x80014770                __retarget_lock_try_acquire_recursive
                0x80014778                __retarget_lock_release
                0x80014780                __retarget_lock_release_recursive
 .text          0x80014788       0x18 /opt/libdragon/bin/../lib/gcc/mips64-elf/14.2.0/../../../../mips64-elf/lib/libc.a(libc_a-strlen.o)
                0x80014788                strlen
 .text          0x800147a0      0x240 /opt/libdragon/bin/../lib/gcc/mips64-elf/14.2.0/../../../../mips64-elf/lib/libc.a(libc_a-strcmp.o)
                0x800147a0                strcmp
 .text          0x800149e0      0x11c /opt/libdragon/bin/../lib/gcc/mips64-elf/14.2.0/../../../../mips64-elf/lib/libc.a(libc_a-memset.o)
                0x800149e0                memset
 .text          0x80014afc      0x370 /opt/libdragon/bin/../lib/gcc/mips64-elf/14.2.0/../../../../mips64-elf/lib/libc.a(libc_a-memcpy.o)
                0x80014afc                memcpy
 *fill*         0x80014e6c        0x4 
 .text          0x80014e70       0xe8 /opt/libdragon/bin/../lib/gcc/mips64-elf/14.2.0/../../../../mips64-elf/lib/libc.a(libc_a-__atexit.o)
                0x80014e70                __register_exitproc
 .text          0x80014f58     0x1810 /opt/libdragon/bin/../lib/gcc/mips64-elf/14.2.0/../../../../mips64-elf/lib/libc.a(libc_a-dtoa.o)
                0x800151a8                _dtoa_r
 .text          0x80016768       0x20 /opt/libdragon/bin/../lib/gcc/mips64-elf/14.2.0/../../../../mips64-elf/lib/libc.a(libc_a-envlock.o)
                0x80016768                __env_lock
                0x80016778                __env_unlock
 .text          0x80016788      0x470 /opt/libdragon/bin/../lib/gcc/mips64-elf/14.2.0/../../../../mips64-elf/lib/libc.a(libc_a-freer.o)
                0x80016788                _malloc_trim_r
                0x800168c8                _free_r
 .text          0x80016bf8     0x1480 /opt/libdragon/bin/../lib/gcc/mips64-elf/14.2.0/../../../../mips64-elf/lib/libc.a(libc_a-mprec.o)
                0x80016bf8                _Balloc
                0x80016ca8                _Bfree
                0x80016cd8                __multadd
                0x80016e30                __s2b
                0x80016fb0                __hi0bits
                0x80017058                __lo0bits
                0x80017170                __i2b
                0x80017248                __multiply
                0x800174d0                __pow5mult
                0x80017638                __lshift
                0x800177f0                __mcmp
                0x80017858                __mdiff
                0x80017ad0                __ulp
                0x80017b80                __b2d
                0x80017d18                __d2b
                0x80017e70                __ratio
                0x80017f30                _mprec_log10
                0x80017f70                __copybits
                0x80017ff8                __any_on
 .text          0x80018078     0x2718 /opt/libdragon/bin/../lib/gcc/mips64-elf/14.2.0/../../../../mips64-elf/lib/libc.a(libc_a-svfprintf.o)
                0x80018078                _svfprintf_r
 .text          0x8001a790       0xc8 /opt/libdragon/bin/../lib/gcc/mips64-elf/14.2.0/../../../../mips64-elf/lib/libc.a(libc_a-ssprint_r.o)
                0x8001a790                __ssprint_r
 .text          0x8001a858      0x1b0 /opt/libdragon/bin/../lib/gcc/mips64-elf/14.2.0/../../../../mips64-elf/lib/libc.a(libc_a-fclose.o)
                0x8001a858                _fclose_r
                0x8001a9f8                fclose
 .text          0x8001aa08      0x230 /opt/libdragon/bin/../lib/gcc/mips64-elf/14.2.0/../../../../mips64-elf/lib/libc.a(libc_a-makebuf.o)
                0x8001aa08                __smakebuf_r
                0x8001ab88                __swhatbuf_r
 .text          0x8001ac38       0x40 /opt/libdragon/bin/../lib/gcc/mips64-elf/14.2.0/../../../../mips64-elf/lib/libc.a(libc_a-strnlen.o)
                0x8001ac38                strnlen
 .text          0x8001ac78       0x50 /opt/libdragon/bin/../lib/gcc/mips64-elf/14.2.0/../../../../mips64-elf/lib/libc.a(libc_a-isattyr.o)
                0x8001ac78                _isatty_r
 .text          0x8001acc8       0x70 /opt/libdragon/bin/../lib/gcc/mips64-elf/14.2.0/../../../../mips64-elf/lib/libc.a(libc_a-mbtowc_r.o)
                0x8001acc8                _mbtowc_r
                0x8001acd8                __ascii_mbtowc
 .text          0x8001ad38       0x48 /opt/libdragon/bin/../lib/gcc/mips64-elf/14.2.0/../../../../mips64-elf/lib/libc.a(libc_a-wctomb_r.o)
                0x8001ad38                _wctomb_r
                0x8001ad48                __ascii_wctomb
 .text          0x8001ad80      0x188 /opt/libdragon/bin/../lib/gcc/mips64-elf/14.2.0/../../../../mips64-elf/lib/libc.a(libc_a-ssputs_r.o)
                0x8001ad80                __ssputs_r
 .text          0x8001af08     0x44e0 /opt/libdragon/bin/../lib/gcc/mips64-elf/14.2.0/libgcc.a(unwind-dw2.o)
                0x8001e7e0                _Unwind_GetGR
                0x8001e850                _Unwind_GetCFA
                0x8001e858                _Unwind_SetGR
                0x8001e8c8                _Unwind_GetIP
                0x8001e8d0                _Unwind_GetIPInfo
                0x8001e8e8                _Unwind_SetIP
                0x8001e8f0                _Unwind_GetLanguageSpecificData
                0x8001e8f8                _Unwind_GetRegionStart
                0x8001e900                _Unwind_FindEnclosingFunction
                0x8001e928                _Unwind_GetDataRelBase
                0x8001e930                _Unwind_GetTextRelBase
                0x8001e938                __frame_state_for
                0x8001ea70                _Unwind_RaiseException
                0x8001ed58                _Unwind_ForcedUnwind
                0x8001eef0                _Unwind_Resume
                0x8001f078                _Unwind_Resume_or_Rethrow
                0x8001f200                _Unwind_DeleteException
                0x8001f220                _Unwind_Backtrace
 .text          0x8001f3e8     0x1de8 /opt/libdragon/bin/../lib/gcc/mips64-elf/14.2.0/libgcc.a(unwind-dw2-fde.o)
                0x80020d08                __register_frame_info_bases
                0x80020d50                __register_frame_info
                0x80020d98                __register_frame
                0x80020e08                __register_frame_info_table_bases
                0x80020e38                __register_frame_info_table
                0x80020e68                __register_frame_table
                0x80020ec0                __deregister_frame_info_bases
                0x80020fa8                __deregister_frame_info
                0x80020fb0                __deregister_frame
                0x80020fe8                _Unwind_Find_FDE
 *(.text.*)
 *fill*         0x800211d0       0x10 
 .text.startup.main
                0x800211e0      0x200 build/cpptest.o
                0x800211e0                main
 .text.startup._GLOBAL__sub_I_state
                0x800213e0       0x20 build/cpptest.o
 .text.isviewer_write
                0x80021400       0x80 /opt/libdragon/bin/../lib/gcc/mips64-elf/14.2.0/../../../../mips64-elf/lib/libdragon.a(debug.o)
 .text.__stderr_write
                0x80021480       0x80 /opt/libdragon/bin/../lib/gcc/mips64-elf/14.2.0/../../../../mips64-elf/lib/libdragon.a(debug.o)
 .text.usblog_write
                0x80021500       0x20 /opt/libdragon/bin/../lib/gcc/mips64-elf/14.2.0/../../../../mips64-elf/lib/libdragon.a(debug.o)
 .text.cb.0     0x80021520       0xa0 /opt/libdragon/bin/../lib/gcc/mips64-elf/14.2.0/../../../../mips64-elf/lib/libdragon.a(debug.o)
 .text.debug_init_usblog
                0x800215c0       0xe0 /opt/libdragon/bin/../lib/gcc/mips64-elf/14.2.0/../../../../mips64-elf/lib/libdragon.a(debug.o)
                0x800215c0                debug_init_usblog
 .text.debug_init_isviewer
                0x800216a0       0xa0 /opt/libdragon/bin/../lib/gcc/mips64-elf/14.2.0/../../../../mips64-elf/lib/libdragon.a(debug.o)
                0x800216a0                debug_init_isviewer
 .text.debug_assert_func_f
                0x80021740       0xe0 /opt/libdragon/bin/../lib/gcc/mips64-elf/14.2.0/../../../../mips64-elf/lib/libdragon.a(debug.o)
                0x80021740                debug_assert_func_f
 .text.debug_assert_func
                0x80021820       0x20 /opt/libdragon/bin/../lib/gcc/mips64-elf/14.2.0/../../../../mips64-elf/lib/libdragon.a(debug.o)
                0x80021820                debug_assert_func
 .text.debug_hexdump
                0x80021840      0x280 /opt/libdragon/bin/../lib/gcc/mips64-elf/14.2.0/../../../../mips64-elf/lib/libdragon.a(debug.o)
                0x80021840                debug_hexdump
 .text.__debug_backtrace
                0x80021ac0      0x100 /opt/libdragon/bin/../lib/gcc/mips64-elf/14.2.0/../../../../mips64-elf/lib/libdragon.a(debug.o)
                0x80021ac0                __debug_backtrace
 .text.debug_backtrace
                0x80021bc0       0x20 /opt/libdragon/bin/../lib/gcc/mips64-elf/14.2.0/../../../../mips64-elf/lib/libdragon.a(debug.o)
                0x80021bc0                debug_backtrace
 .text._ZL13demangle_namePc
                0x80021be0       0x20 /opt/libdragon/bin/../lib/gcc/mips64-elf/14.2.0/../../../../mips64-elf/lib/libdragon.a(debugcpp.o)
 .text._ZL17terminate_handlerv
                0x80021c00      0x120 /opt/libdragon/bin/../lib/gcc/mips64-elf/14.2.0/../../../../mips64-elf/lib/libdragon.a(debugcpp.o)
 .text._Z16__debug_init_cppv
                0x80021d20       0x40 /opt/libdragon/bin/../lib/gcc/mips64-elf/14.2.0/../../../../mips64-elf/lib/libdragon.a(debugcpp.o)
                0x80021d20                _Z16__debug_init_cppv
 .text.usb_64drive_read
                0x80021d60       0x60 /opt/libdragon/bin/../lib/gcc/mips64-elf/14.2.0/../../../../mips64-elf/lib/libdragon.a(usb.o)
 .text.usb_64drive_poll
                0x80021dc0      0x1a0 /opt/libdragon/bin/../lib/gcc/mips64-elf/14.2.0/../../../../mips64-elf/lib/libdragon.a(usb.o)
 .text.usb_everdrive_usbbusy
                0x80021f60       0xe0 /opt/libdragon/bin/../lib/gcc/mips64-elf/14.2.0/../../../../mips64-elf/lib/libdragon.a(usb.o)
 .text.usb_everdrive_readusb
                0x80022040       0xc0 /opt/libdragon/bin/../lib/gcc/mips64-elf/14.2.0/../../../../mips64-elf/lib/libdragon.a(usb.o)
 .text.usb_everdrive_poll
                0x80022100      0x200 /opt/libdragon/bin/../lib/gcc/mips64-elf/14.2.0/../../../../mips64-elf/lib/libdragon.a(usb.o)
 .text.usb_everdrive_write
                0x80022300      0x1c0 /opt/libdragon/bin/../lib/gcc/mips64-elf/14.2.0/../../../../mips64-elf/lib/libdragon.a(usb.o)
 .text.usb_everdrive_read
                0x800224c0       0x60 /opt/libdragon/bin/../lib/gcc/mips64-elf/14.2.0/../../../../mips64-elf/lib/libdragon.a(usb.o)
 .text.usb_sc64_read
                0x80022520       0x60 /opt/libdragon/bin/../lib/gcc/mips64-elf/14.2.0/../../../../mips64-elf/lib/libdragon.a(usb.o)
 .text.usb_sc64_poll
                0x80022580      0x160 /opt/libdragon/bin/../lib/gcc/mips64-elf/14.2.0/../../../../mips64-elf/lib/libdragon.a(usb.o)
 .text.usb_write
                0x800226e0       0x40 /opt/libdragon/bin/../lib/gcc/mips64-elf/14.2.0/../../../../mips64-elf/lib/libdragon.a(usb.o)
                0x800226e0                usb_write
 .text.usb_sendheartbeat
                0x80022720       0x60 /opt/libdragon/bin/../lib/gcc/mips64-elf/14.2.0/../../../../mips64-elf/lib/libdragon.a(usb.o)
                0x80022720                usb_sendheartbeat
 .text.usb_initialize
                0x80022780      0x1e0 /opt/libdragon/bin/../lib/gcc/mips64-elf/14.2.0/../../../../mips64-elf/lib/libdragon.a(usb.o)
                0x80022780                usb_initialize
 .text.usb_64drive_wait
                0x80022960       0xc0 /opt/libdragon/bin/../lib/gcc/mips64-elf/14.2.0/../../../../mips64-elf/lib/libdragon.a(usb.o)
                0x80022960                usb_64drive_wait
 .text.usb_64drive_write
                0x80022a20      0x240 /opt/libdragon/bin/../lib/gcc/mips64-elf/14.2.0/../../../../mips64-elf/lib/libdragon.a(usb.o)
 .text.usb_sc64_execute_cmd
                0x80022c60       0xc0 /opt/libdragon/bin/../lib/gcc/mips64-elf/14.2.0/../../../../mips64-elf/lib/libdragon.a(usb.o)
                0x80022c60                usb_sc64_execute_cmd
 .text.usb_sc64_write
                0x80022d20      0x2a0 /opt/libdragon/bin/../lib/gcc/mips64-elf/14.2.0/../../../../mips64-elf/lib/libdragon.a(usb.o)
 .text.__console_render.part.0
                0x80022fc0      0x100 /opt/libdragon/bin/../lib/gcc/mips64-elf/14.2.0/../../../../mips64-elf/lib/libdragon.a(console.o)
 .text.__console_write
                0x800230c0      0x320 /opt/libdragon/bin/../lib/gcc/mips64-elf/14.2.0/../../../../mips64-elf/lib/libdragon.a(console.o)
 .text.console_set_render_mode
                0x800233e0       0x20 /opt/libdragon/bin/../lib/gcc/mips64-elf/14.2.0/../../../../mips64-elf/lib/libdragon.a(console.o)
                0x800233e0                console_set_render_mode
 .text.console_init
                0x80023400       0xe0 /opt/libdragon/bin/../lib/gcc/mips64-elf/14.2.0/../../../../mips64-elf/lib/libdragon.a(console.o)
                0x80023400                console_init
 .text.console_clear
                0x800234e0       0x80 /opt/libdragon/bin/../lib/gcc/mips64-elf/14.2.0/../../../../mips64-elf/lib/libdragon.a(console.o)
                0x800234e0                console_clear
 .text.console_render
                0x80023560       0x40 /opt/libdragon/bin/../lib/gcc/mips64-elf/14.2.0/../../../../mips64-elf/lib/libdragon.a(console.o)
                0x80023560                console_render
 .text.console_set_debug
                0x800235a0       0x20 /opt/libdragon/bin/../lib/gcc/mips64-elf/14.2.0/../../../../mips64-elf/lib/libdragon.a(console.o)
                0x800235a0                console_set_debug
 .text.controller_interrupt_update
                0x800235c0       0x60 /opt/libdragon/bin/../lib/gcc/mips64-elf/14.2.0/../../../../mips64-elf/lib/libdragon.a(controller.o)
 .text.controller_interrupt
                0x80023620       0x40 /opt/libdragon/bin/../lib/gcc/mips64-elf/14.2.0/../../../../mips64-elf/lib/libdragon.a(controller.o)
 .text.controller_init
                0x80023660       0xa0 /opt/libdragon/bin/../lib/gcc/mips64-elf/14.2.0/../../../../mips64-elf/lib/libdragon.a(controller.o)
                0x80023660                controller_init
 .text.controller_read
                0x80023700       0x20 /opt/libdragon/bin/../lib/gcc/mips64-elf/14.2.0/../../../../mips64-elf/lib/libdragon.a(controller.o)
                0x80023700                controller_read
 .text.controller_scan
                0x80023720       0xe0 /opt/libdragon/bin/../lib/gcc/mips64-elf/14.2.0/../../../../mips64-elf/lib/libdragon.a(controller.o)
                0x80023720                controller_scan
 .text.get_keys_down
                0x80023800       0xa0 /opt/libdragon/bin/../lib/gcc/mips64-elf/14.2.0/../../../../mips64-elf/lib/libdragon.a(controller.o)
                0x80023800                get_keys_down
 .text.graphics_draw_character.part.0
                0x800238a0      0x4e0 /opt/libdragon/bin/../lib/gcc/mips64-elf/14.2.0/../../../../mips64-elf/lib/libdragon.a(graphics.o)
 .text.graphics_set_color
                0x80023d80       0x20 /opt/libdragon/bin/../lib/gcc/mips64-elf/14.2.0/../../../../mips64-elf/lib/libdragon.a(graphics.o)
                0x80023d80                graphics_set_color
 .text.graphics_draw_box
                0x80023da0      0x120 /opt/libdragon/bin/../lib/gcc/mips64-elf/14.2.0/../../../../mips64-elf/lib/libdragon.a(graphics.o)
                0x80023da0                graphics_draw_box
 .text.graphics_fill_screen
                0x80023ec0       0x80 /opt/libdragon/bin/../lib/gcc/mips64-elf/14.2.0/../../../../mips64-elf/lib/libdragon.a(graphics.o)
                0x80023ec0                graphics_fill_screen
 .text.graphics_set_default_font
                0x80023f40       0x20 /opt/libdragon/bin/../lib/gcc/mips64-elf/14.2.0/../../../../mips64-elf/lib/libdragon.a(graphics.o)
                0x80023f40                graphics_set_default_font
 .text.graphics_draw_character
                0x80023f60       0x20 /opt/libdragon/bin/../lib/gcc/mips64-elf/14.2.0/../../../../mips64-elf/lib/libdragon.a(graphics.o)
                0x80023f60                graphics_draw_character
 .text.graphics_draw_text
                0x80023f80      0x120 /opt/libdragon/bin/../lib/gcc/mips64-elf/14.2.0/../../../../mips64-elf/lib/libdragon.a(graphics.o)
                0x80023f80                graphics_draw_text
 .text.cb.2     0x800240a0       0x60 /opt/libdragon/bin/../lib/gcc/mips64-elf/14.2.0/../../../../mips64-elf/lib/libdragon.a(inspector.o)
 .text.cb.1     0x80024100       0x60 /opt/libdragon/bin/../lib/gcc/mips64-elf/14.2.0/../../../../mips64-elf/lib/libdragon.a(inspector.o)
 .text.cb.0     0x80024160      0x120 /opt/libdragon/bin/../lib/gcc/mips64-elf/14.2.0/../../../../mips64-elf/lib/libdragon.a(inspector.o)
 .text.cb.3     0x80024280      0x120 /opt/libdragon/bin/../lib/gcc/mips64-elf/14.2.0/../../../../mips64-elf/lib/libdragon.a(inspector.o)
 .text.inspector_stdout
                0x800243a0      0x240 /opt/libdragon/bin/../lib/gcc/mips64-elf/14.2.0/../../../../mips64-elf/lib/libdragon.a(inspector.o)
 .text.title    0x800245e0       0xa0 /opt/libdragon/bin/../lib/gcc/mips64-elf/14.2.0/../../../../mips64-elf/lib/libdragon.a(inspector.o)
 .text.mips_disasm
                0x80024680      0x6c0 /opt/libdragon/bin/../lib/gcc/mips64-elf/14.2.0/../../../../mips64-elf/lib/libdragon.a(inspector.o)
 .text.inspector
                0x80024d40      0xc20 /opt/libdragon/bin/../lib/gcc/mips64-elf/14.2.0/../../../../mips64-elf/lib/libdragon.a(inspector.o)
 .text.handler.4
                0x80025960       0x40 /opt/libdragon/bin/../lib/gcc/mips64-elf/14.2.0/../../../../mips64-elf/lib/libdragon.a(inspector.o)
 .text.__inspector_exception
                0x800259a0       0x20 /opt/libdragon/bin/../lib/gcc/mips64-elf/14.2.0/../../../../mips64-elf/lib/libdragon.a(inspector.o)
                0x800259a0                __inspector_exception
 .text.__inspector_assertion
                0x800259c0       0x20 /opt/libdragon/bin/../lib/gcc/mips64-elf/14.2.0/../../../../mips64-elf/lib/libdragon.a(inspector.o)
                0x800259c0                __inspector_assertion
 .text.__inspector_cppexception
                0x800259e0       0x20 /opt/libdragon/bin/../lib/gcc/mips64-elf/14.2.0/../../../../mips64-elf/lib/libdragon.a(inspector.o)
                0x800259e0                __inspector_cppexception
 .text.startup.__inspector_init
                0x80025a00       0x20 /opt/libdragon/bin/../lib/gcc/mips64-elf/14.2.0/../../../../mips64-elf/lib/libdragon.a(inspector.o)
                0x80025a00                __inspector_init
 .text.dma_write_raw_async.part.0
                0x80025a20       0x40 /opt/libdragon/bin/../lib/gcc/mips64-elf/14.2.0/../../../../mips64-elf/lib/libdragon.a(dma.o)
 .text.dma_read_async
                0x80025a60      0x4e0 /opt/libdragon/bin/../lib/gcc/mips64-elf/14.2.0/../../../../mips64-elf/lib/libdragon.a(dma.o)
                0x80025a60                dma_read_async
 .text.dma_read
                0x80025f40       0x40 /opt/libdragon/bin/../lib/gcc/mips64-elf/14.2.0/../../../../mips64-elf/lib/libdragon.a(dma.o)
                0x80025f40                dma_read
 .text.dma_write
                0x80025f80       0xa0 /opt/libdragon/bin/../lib/gcc/mips64-elf/14.2.0/../../../../mips64-elf/lib/libdragon.a(dma.o)
                0x80025f80                dma_write
 .text.io_read  0x80026020       0x60 /opt/libdragon/bin/../lib/gcc/mips64-elf/14.2.0/../../../../mips64-elf/lib/libdragon.a(dma.o)
                0x80026020                io_read
 .text.io_write
                0x80026080       0x60 /opt/libdragon/bin/../lib/gcc/mips64-elf/14.2.0/../../../../mips64-elf/lib/libdragon.a(dma.o)
                0x80026080                io_write
 .text.cb.0     0x800260e0       0x40 /opt/libdragon/bin/../lib/gcc/mips64-elf/14.2.0/../../../../mips64-elf/lib/libdragon.a(exception.o)
 .text.cb.1     0x80026120       0x80 /opt/libdragon/bin/../lib/gcc/mips64-elf/14.2.0/../../../../mips64-elf/lib/libdragon.a(exception.o)
 .text.is_unmapped_kx64
                0x800261a0      0x1e0 /opt/libdragon/bin/../lib/gcc/mips64-elf/14.2.0/../../../../mips64-elf/lib/libdragon.a(exception.o)
 .text.__get_exception_name.isra.0
                0x80026380      0x200 /opt/libdragon/bin/../lib/gcc/mips64-elf/14.2.0/../../../../mips64-elf/lib/libdragon.a(exception.o)
 .text.__exception_dump_header
                0x80026580      0x2e0 /opt/libdragon/bin/../lib/gcc/mips64-elf/14.2.0/../../../../mips64-elf/lib/libdragon.a(exception.o)
                0x80026580                __exception_dump_header
 .text.__exception_dump_gpr
                0x80026860      0x160 /opt/libdragon/bin/../lib/gcc/mips64-elf/14.2.0/../../../../mips64-elf/lib/libdragon.a(exception.o)
                0x80026860                __exception_dump_gpr
 .text.__exception_dump_fpr
                0x800269c0      0x2a0 /opt/libdragon/bin/../lib/gcc/mips64-elf/14.2.0/../../../../mips64-elf/lib/libdragon.a(exception.o)
                0x800269c0                __exception_dump_fpr
 .text.exception_default_handler
                0x80026c60      0x1a0 /opt/libdragon/bin/../lib/gcc/mips64-elf/14.2.0/../../../../mips64-elf/lib/libdragon.a(exception.o)
                0x80026c60                exception_default_handler
 .text.__onCriticalException
                0x80026e00       0x60 /opt/libdragon/bin/../lib/gcc/mips64-elf/14.2.0/../../../../mips64-elf/lib/libdragon.a(exception.o)
                0x80026e00                __onCriticalException
 .text.register_syscall_handler
                0x80026e60      0x1a0 /opt/libdragon/bin/../lib/gcc/mips64-elf/14.2.0/../../../../mips64-elf/lib/libdragon.a(exception.o)
                0x80026e60                register_syscall_handler
 .text.__onSyscallException
                0x80027000      0x140 /opt/libdragon/bin/../lib/gcc/mips64-elf/14.2.0/../../../../mips64-elf/lib/libdragon.a(exception.o)
                0x80027000                __onSyscallException
 .text.__wrap___do_global_ctors
                0x80027140       0xe0 /opt/libdragon/bin/../lib/gcc/mips64-elf/14.2.0/../../../../mips64-elf/lib/libdragon.a(do_ctors.o)
                0x80027140                __wrap___do_global_ctors
 .text.data_cache_hit_writeback
                0x80027220       0x60 /opt/libdragon/bin/../lib/gcc/mips64-elf/14.2.0/../../../../mips64-elf/lib/libdragon.a(n64sys.o)
                0x80027220                data_cache_hit_writeback
 .text.__data_cache_hit_invalidate
                0x80027280       0x60 /opt/libdragon/bin/../lib/gcc/mips64-elf/14.2.0/../../../../mips64-elf/lib/libdragon.a(n64sys.o)
                0x80027280                __data_cache_hit_invalidate
 .text.data_cache_hit_writeback_invalidate
                0x800272e0       0x60 /opt/libdragon/bin/../lib/gcc/mips64-elf/14.2.0/../../../../mips64-elf/lib/libdragon.a(n64sys.o)
                0x800272e0                data_cache_hit_writeback_invalidate
 .text.inst_cache_hit_invalidate
                0x80027340       0x60 /opt/libdragon/bin/../lib/gcc/mips64-elf/14.2.0/../../../../mips64-elf/lib/libdragon.a(n64sys.o)
                0x80027340                inst_cache_hit_invalidate
 .text.malloc_uncached_aligned
                0x800273a0       0xc0 /opt/libdragon/bin/../lib/gcc/mips64-elf/14.2.0/../../../../mips64-elf/lib/libdragon.a(n64sys.o)
                0x800273a0                malloc_uncached_aligned
 .text.free_uncached
                0x80027460       0x20 /opt/libdragon/bin/../lib/gcc/mips64-elf/14.2.0/../../../../mips64-elf/lib/libdragon.a(n64sys.o)
                0x80027460                free_uncached
 .text.get_memory_size
                0x80027480       0x20 /opt/libdragon/bin/../lib/gcc/mips64-elf/14.2.0/../../../../mips64-elf/lib/libdragon.a(n64sys.o)
                0x80027480                get_memory_size
 .text.get_tv_type
                0x800274a0       0x20 /opt/libdragon/bin/../lib/gcc/mips64-elf/14.2.0/../../../../mips64-elf/lib/libdragon.a(n64sys.o)
                0x800274a0                get_tv_type
 .text.get_ticks
                0x800274c0       0x40 /opt/libdragon/bin/../lib/gcc/mips64-elf/14.2.0/../../../../mips64-elf/lib/libdragon.a(n64sys.o)
                0x800274c0                get_ticks
 .text.wait_ms  0x80027500       0x40 /opt/libdragon/bin/../lib/gcc/mips64-elf/14.2.0/../../../../mips64-elf/lib/libdragon.a(n64sys.o)
                0x80027500                wait_ms
 .text.startup.__init_cop1
                0x80027540       0x40 /opt/libdragon/bin/../lib/gcc/mips64-elf/14.2.0/../../../../mips64-elf/lib/libdragon.a(n64sys.o)
                0x80027540                __init_cop1
 .text.__MI_handler
                0x80027580      0x220 /opt/libdragon/bin/../lib/gcc/mips64-elf/14.2.0/../../../../mips64-elf/lib/libdragon.a(interrupt.o)
                0x80027580                __MI_handler
 .text.__TI_handler
                0x800277a0       0x60 /opt/libdragon/bin/../lib/gcc/mips64-elf/14.2.0/../../../../mips64-elf/lib/libdragon.a(interrupt.o)
                0x800277a0                __TI_handler
 .text.__CART_handler
                0x80027800       0xa0 /opt/libdragon/bin/../lib/gcc/mips64-elf/14.2.0/../../../../mips64-elf/lib/libdragon.a(interrupt.o)
                0x80027800                __CART_handler
 .text.__RESET_handler
                0x800278a0       0x60 /opt/libdragon/bin/../lib/gcc/mips64-elf/14.2.0/../../../../mips64-elf/lib/libdragon.a(interrupt.o)
                0x800278a0                __RESET_handler
 .text.register_VI_handler
                0x80027900       0x60 /opt/libdragon/bin/../lib/gcc/mips64-elf/14.2.0/../../../../mips64-elf/lib/libdragon.a(interrupt.o)
                0x80027900                register_VI_handler
 .text.unregister_VI_handler
                0x80027960       0x60 /opt/libdragon/bin/../lib/gcc/mips64-elf/14.2.0/../../../../mips64-elf/lib/libdragon.a(interrupt.o)
                0x80027960                unregister_VI_handler
 .text.register_SI_handler
                0x800279c0       0x60 /opt/libdragon/bin/../lib/gcc/mips64-elf/14.2.0/../../../../mips64-elf/lib/libdragon.a(interrupt.o)
                0x800279c0                register_SI_handler
 .text.set_VI_interrupt
                0x80027a20       0x40 /opt/libdragon/bin/../lib/gcc/mips64-elf/14.2.0/../../../../mips64-elf/lib/libdragon.a(interrupt.o)
                0x80027a20                set_VI_interrupt
 .text.set_SI_interrupt
                0x80027a60       0x20 /opt/libdragon/bin/../lib/gcc/mips64-elf/14.2.0/../../../../mips64-elf/lib/libdragon.a(interrupt.o)
                0x80027a60                set_SI_interrupt
 .text.startup.__init_interrupts
                0x80027a80       0x40 /opt/libdragon/bin/../lib/gcc/mips64-elf/14.2.0/../../../../mips64-elf/lib/libdragon.a(interrupt.o)
                0x80027a80                __init_interrupts
 .text.disable_interrupts
                0x80027ac0       0x40 /opt/libdragon/bin/../lib/gcc/mips64-elf/14.2.0/../../../../mips64-elf/lib/libdragon.a(interrupt.o)
                0x80027ac0                disable_interrupts
 .text.enable_interrupts
                0x80027b00       0x80 /opt/libdragon/bin/../lib/gcc/mips64-elf/14.2.0/../../../../mips64-elf/lib/libdragon.a(interrupt.o)
                0x80027b00                enable_interrupts
 .text.cb.0     0x80027b80       0x40 /opt/libdragon/bin/../lib/gcc/mips64-elf/14.2.0/../../../../mips64-elf/lib/libdragon.a(backtrace.o)
 .text.symt_open
                0x80027bc0      0x200 /opt/libdragon/bin/../lib/gcc/mips64-elf/14.2.0/../../../../mips64-elf/lib/libdragon.a(backtrace.o)
 .text.symt_addrtab_entry.isra.0
                0x80027dc0       0x60 /opt/libdragon/bin/../lib/gcc/mips64-elf/14.2.0/../../../../mips64-elf/lib/libdragon.a(backtrace.o)
 .text.format_entry
                0x80027e20      0x240 /opt/libdragon/bin/../lib/gcc/mips64-elf/14.2.0/../../../../mips64-elf/lib/libdragon.a(backtrace.o)
 .text.symt_addrtab_search
                0x80028060      0x160 /opt/libdragon/bin/../lib/gcc/mips64-elf/14.2.0/../../../../mips64-elf/lib/libdragon.a(backtrace.o)
 .text.__symbolize
                0x800281c0      0x240 /opt/libdragon/bin/../lib/gcc/mips64-elf/14.2.0/../../../../mips64-elf/lib/libdragon.a(backtrace.o)
                0x800281c0                __symbolize
 .text.__bt_analyze_func
                0x80028400      0x1c0 /opt/libdragon/bin/../lib/gcc/mips64-elf/14.2.0/../../../../mips64-elf/lib/libdragon.a(backtrace.o)
                0x80028400                __bt_analyze_func
 .text.backtrace_foreach.constprop.0
                0x800285c0      0x340 /opt/libdragon/bin/../lib/gcc/mips64-elf/14.2.0/../../../../mips64-elf/lib/libdragon.a(backtrace.o)
 .text.backtrace
                0x80028900       0xe0 /opt/libdragon/bin/../lib/gcc/mips64-elf/14.2.0/../../../../mips64-elf/lib/libdragon.a(backtrace.o)
                0x80028900                backtrace
 .text.backtrace_symbols_cb
                0x800289e0      0x300 /opt/libdragon/bin/../lib/gcc/mips64-elf/14.2.0/../../../../mips64-elf/lib/libdragon.a(backtrace.o)
                0x800289e0                backtrace_symbols_cb
 .text.backtrace_frame_print
                0x80028ce0       0xa0 /opt/libdragon/bin/../lib/gcc/mips64-elf/14.2.0/../../../../mips64-elf/lib/libdragon.a(backtrace.o)
                0x80028ce0                backtrace_frame_print
 .text.backtrace_frame_print_compact
                0x80028d80      0x140 /opt/libdragon/bin/../lib/gcc/mips64-elf/14.2.0/../../../../mips64-elf/lib/libdragon.a(backtrace.o)
                0x80028d80                backtrace_frame_print_compact
 .text.rompak_search_ext
                0x80028ec0      0x200 /opt/libdragon/bin/../lib/gcc/mips64-elf/14.2.0/../../../../mips64-elf/lib/libdragon.a(rompak.o)
                0x80028ec0                rompak_search_ext
 .text.__display_callback
                0x800290c0      0x160 /opt/libdragon/bin/../lib/gcc/mips64-elf/14.2.0/../../../../mips64-elf/lib/libdragon.a(display.o)
 .text.display_show.part.0
                0x80029220      0x1a0 /opt/libdragon/bin/../lib/gcc/mips64-elf/14.2.0/../../../../mips64-elf/lib/libdragon.a(display.o)
 .text.display_init
                0x800293c0      0x5c0 /opt/libdragon/bin/../lib/gcc/mips64-elf/14.2.0/../../../../mips64-elf/lib/libdragon.a(display.o)
                0x800293c0                display_init
 .text.display_close
                0x80029980      0x100 /opt/libdragon/bin/../lib/gcc/mips64-elf/14.2.0/../../../../mips64-elf/lib/libdragon.a(display.o)
                0x80029980                display_close
 .text.display_try_get
                0x80029a80       0xc0 /opt/libdragon/bin/../lib/gcc/mips64-elf/14.2.0/../../../../mips64-elf/lib/libdragon.a(display.o)
                0x80029a80                display_try_get
 .text.display_get
                0x80029b40      0x100 /opt/libdragon/bin/../lib/gcc/mips64-elf/14.2.0/../../../../mips64-elf/lib/libdragon.a(display.o)
                0x80029b40                display_get
 .text.display_show
                0x80029c40       0x20 /opt/libdragon/bin/../lib/gcc/mips64-elf/14.2.0/../../../../mips64-elf/lib/libdragon.a(display.o)
                0x80029c40                display_show
 .text.display_show_force
                0x80029c60       0x40 /opt/libdragon/bin/../lib/gcc/mips64-elf/14.2.0/../../../../mips64-elf/lib/libdragon.a(display.o)
                0x80029c60                display_show_force
 .text.display_get_bitdepth
                0x80029ca0       0x20 /opt/libdragon/bin/../lib/gcc/mips64-elf/14.2.0/../../../../mips64-elf/lib/libdragon.a(display.o)
                0x80029ca0                display_get_bitdepth
 .text.surface_alloc
                0x80029cc0       0xe0 /opt/libdragon/bin/../lib/gcc/mips64-elf/14.2.0/../../../../mips64-elf/lib/libdragon.a(surface.o)
                0x80029cc0                surface_alloc
 .text.surface_free
                0x80029da0       0x80 /opt/libdragon/bin/../lib/gcc/mips64-elf/14.2.0/../../../../mips64-elf/lib/libdragon.a(surface.o)
                0x80029da0                surface_free
 .text.joybus_msg_send
                0x80029e20       0x80 /opt/libdragon/bin/../lib/gcc/mips64-elf/14.2.0/../../../../mips64-elf/lib/libdragon.a(joybus.o)
 .text.callback.0
                0x80029ea0       0x80 /opt/libdragon/bin/../lib/gcc/mips64-elf/14.2.0/../../../../mips64-elf/lib/libdragon.a(joybus.o)
 .text.si_interrupt
                0x80029f20      0x1a0 /opt/libdragon/bin/../lib/gcc/mips64-elf/14.2.0/../../../../mips64-elf/lib/libdragon.a(joybus.o)
 .text.startup.__joybus_init
                0x8002a0c0       0x60 /opt/libdragon/bin/../lib/gcc/mips64-elf/14.2.0/../../../../mips64-elf/lib/libdragon.a(joybus.o)
                0x8002a0c0                __joybus_init
 .text.joybus_exec_async
                0x8002a120      0x1a0 /opt/libdragon/bin/../lib/gcc/mips64-elf/14.2.0/../../../../mips64-elf/lib/libdragon.a(joybus.o)
                0x8002a120                joybus_exec_async
 .text.joybus_exec
                0x8002a2c0      0x140 /opt/libdragon/bin/../lib/gcc/mips64-elf/14.2.0/../../../../mips64-elf/lib/libdragon.a(joybus.o)
                0x8002a2c0                joybus_exec
 .text.rsp_load_code
                0x8002a400      0x100 /opt/libdragon/bin/../lib/gcc/mips64-elf/14.2.0/../../../../mips64-elf/lib/libdragon.a(rsp.o)
                0x8002a400                rsp_load_code
 .text.rsp_load_data
                0x8002a500       0xe0 /opt/libdragon/bin/../lib/gcc/mips64-elf/14.2.0/../../../../mips64-elf/lib/libdragon.a(rsp.o)
                0x8002a500                rsp_load_data
 .text.rsp_read_code
                0x8002a5e0       0xe0 /opt/libdragon/bin/../lib/gcc/mips64-elf/14.2.0/../../../../mips64-elf/lib/libdragon.a(rsp.o)
                0x8002a5e0                rsp_read_code
 .text.rsp_read_data
                0x8002a6c0       0xe0 /opt/libdragon/bin/../lib/gcc/mips64-elf/14.2.0/../../../../mips64-elf/lib/libdragon.a(rsp.o)
                0x8002a6c0                rsp_read_data
 .text.__rsp_crash
                0x8002a7a0      0xbe0 /opt/libdragon/bin/../lib/gcc/mips64-elf/14.2.0/../../../../mips64-elf/lib/libdragon.a(rsp.o)
                0x8002a7a0                __rsp_crash
 .text.__rsp_check_assert
                0x8002b380       0x80 /opt/libdragon/bin/../lib/gcc/mips64-elf/14.2.0/../../../../mips64-elf/lib/libdragon.a(rsp.o)
                0x8002b380                __rsp_check_assert
 .text.rsp_wait
                0x8002b400      0x100 /opt/libdragon/bin/../lib/gcc/mips64-elf/14.2.0/../../../../mips64-elf/lib/libdragon.a(rsp.o)
                0x8002b400                rsp_wait
 .text.rsp_run  0x8002b500       0x60 /opt/libdragon/bin/../lib/gcc/mips64-elf/14.2.0/../../../../mips64-elf/lib/libdragon.a(rsp.o)
                0x8002b500                rsp_run
 .text.close    0x8002b560       0xe0 /opt/libdragon/bin/../lib/gcc/mips64-elf/14.2.0/../../../../mips64-elf/lib/libdragonsys.a(system.o)
                0x8002b560                close
 .text._exit    0x8002b640       0x20 /opt/libdragon/bin/../lib/gcc/mips64-elf/14.2.0/../../../../mips64-elf/lib/libdragonsys.a(system.o)
                0x8002b640                _exit
 .text.fstat    0x8002b660      0x100 /opt/libdragon/bin/../lib/gcc/mips64-elf/14.2.0/../../../../mips64-elf/lib/libdragonsys.a(system.o)
                0x8002b660                fstat
 .text.getpid   0x8002b760       0x40 /opt/libdragon/bin/../lib/gcc/mips64-elf/14.2.0/../../../../mips64-elf/lib/libdragonsys.a(system.o)
                0x8002b760                getpid
 .text.isatty   0x8002b7a0       0x40 /opt/libdragon/bin/../lib/gcc/mips64-elf/14.2.0/../../../../mips64-elf/lib/libdragonsys.a(system.o)
                0x8002b7a0                isatty
 .text.kill     0x8002b7e0       0x40 /opt/libdragon/bin/../lib/gcc/mips64-elf/14.2.0/../../../../mips64-elf/lib/libdragonsys.a(system.o)
                0x8002b7e0                kill
 .text.lseek    0x8002b820      0x100 /opt/libdragon/bin/../lib/gcc/mips64-elf/14.2.0/../../../../mips64-elf/lib/libdragonsys.a(system.o)
                0x8002b820                lseek
 .text.read     0x8002b920      0x120 /opt/libdragon/bin/../lib/gcc/mips64-elf/14.2.0/../../../../mips64-elf/lib/libdragonsys.a(system.o)
                0x8002b920                read
 .text.sbrk     0x8002ba40       0xc0 /opt/libdragon/bin/../lib/gcc/mips64-elf/14.2.0/../../../../mips64-elf/lib/libdragonsys.a(system.o)
                0x8002ba40                sbrk
 .text.write    0x8002bb00      0x140 /opt/libdragon/bin/../lib/gcc/mips64-elf/14.2.0/../../../../mips64-elf/lib/libdragonsys.a(system.o)
                0x8002bb00                write
 .text.hook_stdio_calls
                0x8002bc40       0x60 /opt/libdragon/bin/../lib/gcc/mips64-elf/14.2.0/../../../../mips64-elf/lib/libdragonsys.a(system.o)
                0x8002bc40                hook_stdio_calls
 .text._flush_cache
                0x8002bca0       0x40 /opt/libdragon/bin/../lib/gcc/mips64-elf/14.2.0/../../../../mips64-elf/lib/libdragonsys.a(system.o)
                0x8002bca0                _flush_cache
 .text.__assert_func
                0x8002bce0       0x20 /opt/libdragon/bin/../lib/gcc/mips64-elf/14.2.0/../../../../mips64-elf/lib/libdragonsys.a(system.o)
                0x8002bce0                __assert_func
 .text._ZdlPvj  0x8002bd00        0x8 /opt/libdragon/bin/../lib/gcc/mips64-elf/14.2.0/../../../../mips64-elf/lib/libstdc++.a(del_ops.o)
                0x8002bd00                _ZdlPvj
 .text._ZN12_GLOBAL__N_14pool4freeEPv.constprop.0
                0x8002bd08       0xe8 /opt/libdragon/bin/../lib/gcc/mips64-elf/14.2.0/../../../../mips64-elf/lib/libstdc++.a(eh_alloc.o)
 .text._ZN12_GLOBAL__N_14pool8allocateEj.constprop.0
                0x8002bdf0       0xa8 /opt/libdragon/bin/../lib/gcc/mips64-elf/14.2.0/../../../../mips64-elf/lib/libstdc++.a(eh_alloc.o)
 .text.__cxa_allocate_exception
                0x8002be98       0x60 /opt/libdragon/bin/../lib/gcc/mips64-elf/14.2.0/../../../../mips64-elf/lib/libstdc++.a(eh_alloc.o)
                0x8002be98                __cxa_allocate_exception
 .text.__cxa_free_exception
                0x8002bef8       0x40 /opt/libdragon/bin/../lib/gcc/mips64-elf/14.2.0/../../../../mips64-elf/lib/libstdc++.a(eh_alloc.o)
                0x8002bef8                __cxa_free_exception
 .text.__cxa_allocate_dependent_exception
                0x8002bf38       0x48 /opt/libdragon/bin/../lib/gcc/mips64-elf/14.2.0/../../../../mips64-elf/lib/libstdc++.a(eh_alloc.o)
                0x8002bf38                __cxa_allocate_dependent_exception
 .text.__cxa_free_dependent_exception
                0x8002bf80       0x40 /opt/libdragon/bin/../lib/gcc/mips64-elf/14.2.0/../../../../mips64-elf/lib/libstdc++.a(eh_alloc.o)
                0x8002bf80                __cxa_free_dependent_exception
 .text.startup._GLOBAL__sub_I__ZN9__gnu_cxx9__freeresEv
                0x8002bfc0      0x1f0 /opt/libdragon/bin/../lib/gcc/mips64-elf/14.2.0/../../../../mips64-elf/lib/libstdc++.a(eh_alloc.o)
 .text.__cxa_begin_catch
                0x8002c1b0       0xb8 /opt/libdragon/bin/../lib/gcc/mips64-elf/14.2.0/../../../../mips64-elf/lib/libstdc++.a(eh_catch.o)
                0x8002c1b0                __cxa_begin_catch
 .text.__cxa_end_catch
                0x8002c268       0xc0 /opt/libdragon/bin/../lib/gcc/mips64-elf/14.2.0/../../../../mips64-elf/lib/libstdc++.a(eh_catch.o)
                0x8002c268                __cxa_end_catch
 .text._ZNSt9exceptionD2Ev
                0x8002c328        0x8 /opt/libdragon/bin/../lib/gcc/mips64-elf/14.2.0/../../../../mips64-elf/lib/libstdc++.a(eh_exception.o)
                0x8002c328                _ZNSt9exceptionD2Ev
                0x8002c328                _ZNSt9exceptionD1Ev
 .text.__cxa_get_globals_fast
                0x8002c330        0x8 /opt/libdragon/bin/../lib/gcc/mips64-elf/14.2.0/../../../../mips64-elf/lib/libstdc++.a(eh_globals.o)
                0x8002c330                __cxa_get_globals_fast
 .text.__cxa_get_globals
                0x8002c338        0x8 /opt/libdragon/bin/../lib/gcc/mips64-elf/14.2.0/../../../../mips64-elf/lib/libstdc++.a(eh_globals.o)
                0x8002c338                __cxa_get_globals
 .text._ZL16get_adjusted_ptrPKSt9type_infoS1_PPv
                0x8002c340       0x90 /opt/libdragon/bin/../lib/gcc/mips64-elf/14.2.0/../../../../mips64-elf/lib/libstdc++.a(eh_personality.o)
 .text._ZL28read_encoded_value_with_basehjPKhPj
                0x8002c3d0      0x198 /opt/libdragon/bin/../lib/gcc/mips64-elf/14.2.0/../../../../mips64-elf/lib/libstdc++.a(eh_personality.o)
 .text._ZL21base_of_encoded_valuehP15_Unwind_Context
                0x8002c568       0x80 /opt/libdragon/bin/../lib/gcc/mips64-elf/14.2.0/../../../../mips64-elf/lib/libstdc++.a(eh_personality.o)
 .text._ZL17parse_lsda_headerP15_Unwind_ContextPKhP16lsda_header_info
                0x8002c5e8      0x118 /opt/libdragon/bin/../lib/gcc/mips64-elf/14.2.0/../../../../mips64-elf/lib/libstdc++.a(eh_personality.o)
 .text._ZL20check_exception_specP16lsda_header_infoPKSt9type_infoPvl
                0x8002c700      0x148 /opt/libdragon/bin/../lib/gcc/mips64-elf/14.2.0/../../../../mips64-elf/lib/libstdc++.a(eh_personality.o)
 .text.__gxx_personality_v0
                0x8002c848      0x6c8 /opt/libdragon/bin/../lib/gcc/mips64-elf/14.2.0/../../../../mips64-elf/lib/libstdc++.a(eh_personality.o)
                0x8002c848                __gxx_personality_v0
 .text._ZL33__gxx_dependent_exception_cleanup19_Unwind_Reason_CodeP17_Unwind_Exception
                0x8002cf10       0x88 /opt/libdragon/bin/../lib/gcc/mips64-elf/14.2.0/../../../../mips64-elf/lib/libstdc++.a(eh_ptr.o)
 .text._ZNSt15__exception_ptr13exception_ptr9_M_addrefEv
                0x8002cf98       0x30 /opt/libdragon/bin/../lib/gcc/mips64-elf/14.2.0/../../../../mips64-elf/lib/libstdc++.a(eh_ptr.o)
                0x8002cf98                _ZNSt15__exception_ptr13exception_ptr9_M_addrefEv
 .text._ZNSt15__exception_ptr13exception_ptr10_M_releaseEv
                0x8002cfc8       0x78 /opt/libdragon/bin/../lib/gcc/mips64-elf/14.2.0/../../../../mips64-elf/lib/libstdc++.a(eh_ptr.o)
                0x8002cfc8                _ZNSt15__exception_ptr13exception_ptr10_M_releaseEv
 .text._ZSt17current_exceptionv
                0x8002d040       0xb0 /opt/libdragon/bin/../lib/gcc/mips64-elf/14.2.0/../../../../mips64-elf/lib/libstdc++.a(eh_ptr.o)
                0x8002d040                _ZSt17current_exceptionv
 .text._ZSt17rethrow_exceptionNSt15__exception_ptr13exception_ptrE
                0x8002d0f0       0xa8 /opt/libdragon/bin/../lib/gcc/mips64-elf/14.2.0/../../../../mips64-elf/lib/libstdc++.a(eh_ptr.o)
                0x8002d0f0                _ZSt17rethrow_exceptionNSt15__exception_ptr13exception_ptrE
 .text._ZN10__cxxabiv111__terminateEPFvvE
                0x8002d198       0x28 /opt/libdragon/bin/../lib/gcc/mips64-elf/14.2.0/../../../../mips64-elf/lib/libstdc++.a(eh_terminate.o)
                0x8002d198                _ZN10__cxxabiv111__terminateEPFvvE
 .text.unlikely._ZSt9terminatev
                0x8002d1c0       0x18 /opt/libdragon/bin/../lib/gcc/mips64-elf/14.2.0/../../../../mips64-elf/lib/libstdc++.a(eh_terminate.o)
                0x8002d1c0                _ZSt9terminatev
 .text._ZN10__cxxabiv112__unexpectedEPFvvE
                0x8002d1d8       0x18 /opt/libdragon/bin/../lib/gcc/mips64-elf/14.2.0/../../../../mips64-elf/lib/libstdc++.a(eh_terminate.o)
                0x8002d1d8                _ZN10__cxxabiv112__unexpectedEPFvvE
 .text.unlikely._ZSt10unexpectedv
                0x8002d1f0       0x18 /opt/libdragon/bin/../lib/gcc/mips64-elf/14.2.0/../../../../mips64-elf/lib/libstdc++.a(eh_terminate.o)
                0x8002d1f0                _ZSt10unexpectedv
 .text._ZSt13set_terminatePFvvE
                0x8002d208       0x58 /opt/libdragon/bin/../lib/gcc/mips64-elf/14.2.0/../../../../mips64-elf/lib/libstdc++.a(eh_terminate.o)
                0x8002d208                _ZSt13set_terminatePFvvE
 .text._ZSt13get_terminatev
                0x8002d260       0x10 /opt/libdragon/bin/../lib/gcc/mips64-elf/14.2.0/../../../../mips64-elf/lib/libstdc++.a(eh_terminate.o)
                0x8002d260                _ZSt13get_terminatev
 .text._ZSt14get_unexpectedv
                0x8002d270       0x10 /opt/libdragon/bin/../lib/gcc/mips64-elf/14.2.0/../../../../mips64-elf/lib/libstdc++.a(eh_terminate.o)
                0x8002d270                _ZSt14get_unexpectedv
 .text._ZL23__gxx_exception_cleanup19_Unwind_Reason_CodeP17_Unwind_Exception
                0x8002d280       0x78 /opt/libdragon/bin/../lib/gcc/mips64-elf/14.2.0/../../../../mips64-elf/lib/libstdc++.a(eh_throw.o)
 .text.__cxa_init_primary_exception
                0x8002d2f8       0x68 /opt/libdragon/bin/../lib/gcc/mips64-elf/14.2.0/../../../../mips64-elf/lib/libstdc++.a(eh_throw.o)
                0x8002d2f8                __cxa_init_primary_exception
 .text.__cxa_throw
                0x8002d360       0x68 /opt/libdragon/bin/../lib/gcc/mips64-elf/14.2.0/../../../../mips64-elf/lib/libstdc++.a(eh_throw.o)
                0x8002d360                __cxa_throw
 .text.__cxa_rethrow
                0x8002d3c8       0x80 /opt/libdragon/bin/../lib/gcc/mips64-elf/14.2.0/../../../../mips64-elf/lib/libstdc++.a(eh_throw.o)
                0x8002d3c8                __cxa_rethrow
 .text._ZN10__cxxabiv123__fundamental_type_infoD2Ev
                0x8002d448       0x10 /opt/libdragon/bin/../lib/gcc/mips64-elf/14.2.0/../../../../mips64-elf/lib/libstdc++.a(fundamental_type_info.o)
                0x8002d448                _ZN10__cxxabiv123__fundamental_type_infoD1Ev
                0x8002d448                _ZN10__cxxabiv123__fundamental_type_infoD2Ev
 .text._ZN10__cxxabiv123__fundamental_type_infoD0Ev
                0x8002d458       0x38 /opt/libdragon/bin/../lib/gcc/mips64-elf/14.2.0/../../../../mips64-elf/lib/libstdc++.a(fundamental_type_info.o)
                0x8002d458                _ZN10__cxxabiv123__fundamental_type_infoD0Ev
 .text._Znwj    0x8002d490       0x80 /opt/libdragon/bin/../lib/gcc/mips64-elf/14.2.0/../../../../mips64-elf/lib/libstdc++.a(new_op.o)
                0x8002d490                _Znwj
 .text._ZN10__cxxabiv120__si_class_type_infoD2Ev
                0x8002d510       0x10 /opt/libdragon/bin/../lib/gcc/mips64-elf/14.2.0/../../../../mips64-elf/lib/libstdc++.a(si_class_type_info.o)
                0x8002d510                _ZN10__cxxabiv120__si_class_type_infoD2Ev
                0x8002d510                _ZN10__cxxabiv120__si_class_type_infoD1Ev
 .text._ZN10__cxxabiv120__si_class_type_infoD0Ev
                0x8002d520       0x38 /opt/libdragon/bin/../lib/gcc/mips64-elf/14.2.0/../../../../mips64-elf/lib/libstdc++.a(si_class_type_info.o)
                0x8002d520                _ZN10__cxxabiv120__si_class_type_infoD0Ev
 .text._ZNK10__cxxabiv120__si_class_type_info12__do_dyncastEiNS_17__class_type_info10__sub_kindEPKS1_PKvS4_S6_RNS1_16__dyncast_resultE
                0x8002d558      0x1a8 /opt/libdragon/bin/../lib/gcc/mips64-elf/14.2.0/../../../../mips64-elf/lib/libstdc++.a(si_class_type_info.o)
                0x8002d558                _ZNK10__cxxabiv120__si_class_type_info12__do_dyncastEiNS_17__class_type_info10__sub_kindEPKS1_PKvS4_S6_RNS1_16__dyncast_resultE
 .text._ZNK10__cxxabiv120__si_class_type_info20__do_find_public_srcEiPKvPKNS_17__class_type_infoES2_
                0x8002d700       0xb0 /opt/libdragon/bin/../lib/gcc/mips64-elf/14.2.0/../../../../mips64-elf/lib/libstdc++.a(si_class_type_info.o)
                0x8002d700                _ZNK10__cxxabiv120__si_class_type_info20__do_find_public_srcEiPKvPKNS_17__class_type_infoES2_
 .text._ZNK10__cxxabiv120__si_class_type_info11__do_upcastEPKNS_17__class_type_infoEPKvRNS1_15__upcast_resultE
                0x8002d7b0       0x80 /opt/libdragon/bin/../lib/gcc/mips64-elf/14.2.0/../../../../mips64-elf/lib/libstdc++.a(si_class_type_info.o)
                0x8002d7b0                _ZNK10__cxxabiv120__si_class_type_info11__do_upcastEPKNS_17__class_type_infoEPKvRNS1_15__upcast_resultE
 .text._ZNSt9type_infoD2Ev
                0x8002d830        0x8 /opt/libdragon/bin/../lib/gcc/mips64-elf/14.2.0/../../../../mips64-elf/lib/libstdc++.a(tinfo.o)
                0x8002d830                _ZNSt9type_infoD1Ev
                0x8002d830                _ZNSt9type_infoD2Ev
 .text._ZNKSt9type_info14__is_pointer_pEv
                0x8002d838        0x8 /opt/libdragon/bin/../lib/gcc/mips64-elf/14.2.0/../../../../mips64-elf/lib/libstdc++.a(tinfo.o)
                0x8002d838                _ZNKSt9type_info15__is_function_pEv
                0x8002d838                _ZNKSt9type_info14__is_pointer_pEv
 .text._ZNKSt9type_info11__do_upcastEPKN10__cxxabiv117__class_type_infoEPPv
                0x8002d840        0x8 /opt/libdragon/bin/../lib/gcc/mips64-elf/14.2.0/../../../../mips64-elf/lib/libstdc++.a(tinfo.o)
                0x8002d840                _ZNKSt9type_info11__do_upcastEPKN10__cxxabiv117__class_type_infoEPPv
 .text._ZNKSt9type_info10__do_catchEPKS_PPvj
                0x8002d848       0x60 /opt/libdragon/bin/../lib/gcc/mips64-elf/14.2.0/../../../../mips64-elf/lib/libstdc++.a(tinfo.o)
                0x8002d848                _ZNKSt9type_info10__do_catchEPKS_PPvj
 .text._ZN9__gnu_cxx27__verbose_terminate_handlerEv
                0x8002d8a8      0x1c0 /opt/libdragon/bin/../lib/gcc/mips64-elf/14.2.0/../../../../mips64-elf/lib/libstdc++.a(vterminate.o)
                0x8002d8a8                _ZN9__gnu_cxx27__verbose_terminate_handlerEv
 .text._ZNKSt11logic_error4whatEv
                0x8002da68        0x8 /opt/libdragon/bin/../lib/gcc/mips64-elf/14.2.0/../../../../mips64-elf/lib/libstdc++.a(stdexcept.o)
                0x8002da68                _ZNKSt13runtime_error4whatEv
                0x8002da68                _ZNKSt11logic_error4whatEv
 .text._ZNSt11logic_errorD2Ev
                0x8002da70       0x68 /opt/libdragon/bin/../lib/gcc/mips64-elf/14.2.0/../../../../mips64-elf/lib/libstdc++.a(stdexcept.o)
                0x8002da70                _ZNSt11logic_errorD2Ev
                0x8002da70                _ZNSt11logic_errorD1Ev
 .text._ZNSt13runtime_errorD2Ev
                0x8002dad8       0x68 /opt/libdragon/bin/../lib/gcc/mips64-elf/14.2.0/../../../../mips64-elf/lib/libstdc++.a(stdexcept.o)
                0x8002dad8                _ZNSt13runtime_errorD2Ev
                0x8002dad8                _ZNSt13runtime_errorD1Ev
 .text._ZNSt13runtime_errorD0Ev
                0x8002db40       0x70 /opt/libdragon/bin/../lib/gcc/mips64-elf/14.2.0/../../../../mips64-elf/lib/libstdc++.a(stdexcept.o)
                0x8002db40                _ZNSt13runtime_errorD0Ev
 .text._ZNSt12length_errorD2Ev
                0x8002dbb0       0x68 /opt/libdragon/bin/../lib/gcc/mips64-elf/14.2.0/../../../../mips64-elf/lib/libstdc++.a(stdexcept.o)
                0x8002dbb0                _ZNSt12length_errorD2Ev
                0x8002dbb0                _ZNSt12length_errorD1Ev
 .text._ZNSt11logic_errorD0Ev
                0x8002dc18       0x70 /opt/libdragon/bin/../lib/gcc/mips64-elf/14.2.0/../../../../mips64-elf/lib/libstdc++.a(stdexcept.o)
                0x8002dc18                _ZNSt11logic_errorD0Ev
 .text._ZNSt12length_errorD0Ev
                0x8002dc88       0x70 /opt/libdragon/bin/../lib/gcc/mips64-elf/14.2.0/../../../../mips64-elf/lib/libstdc++.a(stdexcept.o)
                0x8002dc88                _ZNSt12length_errorD0Ev
 .text._ZNSt11logic_errorC2EPKc
                0x8002dcf8      0x108 /opt/libdragon/bin/../lib/gcc/mips64-elf/14.2.0/../../../../mips64-elf/lib/libstdc++.a(cow-stdexcept.o)
                0x8002dcf8                _ZNSt11logic_errorC2EPKc
                0x8002dcf8                _ZNSt11logic_errorC1EPKc
 .text._ZNSt12length_errorC2EPKc
                0x8002de00       0x30 /opt/libdragon/bin/../lib/gcc/mips64-elf/14.2.0/../../../../mips64-elf/lib/libstdc++.a(cow-stdexcept.o)
                0x8002de00                _ZNSt12length_errorC2EPKc
                0x8002de00                _ZNSt12length_errorC1EPKc
 .text._ZNSt13runtime_errorC2EPKc
                0x8002de30      0x108 /opt/libdragon/bin/../lib/gcc/mips64-elf/14.2.0/../../../../mips64-elf/lib/libstdc++.a(cow-stdexcept.o)
                0x8002de30                _ZNSt13runtime_errorC2EPKc
                0x8002de30                _ZNSt13runtime_errorC1EPKc
 .text._ZNSt12__cow_stringC2EPKcj
                0x8002df38       0xe8 /opt/libdragon/bin/../lib/gcc/mips64-elf/14.2.0/../../../../mips64-elf/lib/libstdc++.a(cow-stdexcept.o)
                0x8002df38                _ZNSt12__cow_stringC1EPKcj
                0x8002df38                _ZNSt12__cow_stringC2EPKcj
 .text._ZNSs4_Rep9_S_createEjjRKSaIcE
                0x8002e020       0xc8 /opt/libdragon/bin/../lib/gcc/mips64-elf/14.2.0/../../../../mips64-elf/lib/libstdc++.a(cow-string-inst.o)
                0x8002e020                _ZNSs4_Rep9_S_createEjjRKSaIcE
 .text._ZNSs4_Rep10_M_destroyERKSaIcE
                0x8002e0e8        0x8 /opt/libdragon/bin/../lib/gcc/mips64-elf/14.2.0/../../../../mips64-elf/lib/libstdc++.a(cow-string-inst.o)
                0x8002e0e8                _ZNSs4_Rep10_M_destroyERKSaIcE
 .text.unlikely._ZSt19__throw_logic_errorPKc
                0x8002e0f0       0x5c /opt/libdragon/bin/../lib/gcc/mips64-elf/14.2.0/../../../../mips64-elf/lib/libstdc++.a(functexcept.o)
                0x8002e0f0                _ZSt19__throw_logic_errorPKc
 .text.unlikely._ZSt20__throw_length_errorPKc
                0x8002e14c       0x5c /opt/libdragon/bin/../lib/gcc/mips64-elf/14.2.0/../../../../mips64-elf/lib/libstdc++.a(functexcept.o)
                0x8002e14c                _ZSt20__throw_length_errorPKc
 .text._ZNSt7__cxx1112basic_stringIcSt11char_traitsIcESaIcEE9_M_createERjj
                0x8002e1a8       0x68 /opt/libdragon/bin/../lib/gcc/mips64-elf/14.2.0/../../../../mips64-elf/lib/libstdc++.a(string-inst.o)
                0x8002e1a8                _ZNSt7__cxx1112basic_stringIcSt11char_traitsIcESaIcEE9_M_createERjj
 .text._ZNSt7__cxx1112basic_stringIcSt11char_traitsIcESaIcEE10_M_disposeEv
                0x8002e210       0x28 /opt/libdragon/bin/../lib/gcc/mips64-elf/14.2.0/../../../../mips64-elf/lib/libstdc++.a(string-inst.o)
                0x8002e210                _ZNSt7__cxx1112basic_stringIcSt11char_traitsIcESaIcEE10_M_disposeEv
 .text._ZNSt7__cxx1112basic_stringIcSt11char_traitsIcESaIcEE7reserveEj
                0x8002e238       0xe0 /opt/libdragon/bin/../lib/gcc/mips64-elf/14.2.0/../../../../mips64-elf/lib/libstdc++.a(string-inst.o)
                0x8002e238                _ZNSt7__cxx1112basic_stringIcSt11char_traitsIcESaIcEE7reserveEj
 .text._ZNK12_GLOBAL__N_122generic_error_category4nameEv
                0x8002e318       0x10 /opt/libdragon/bin/../lib/gcc/mips64-elf/14.2.0/../../../../mips64-elf/lib/libstdc++.a(system_error.o)
 .text._ZNK12_GLOBAL__N_122generic_error_category10equivalentEiRKSt15error_condition
                0x8002e328       0x28 /opt/libdragon/bin/../lib/gcc/mips64-elf/14.2.0/../../../../mips64-elf/lib/libstdc++.a(system_error.o)
 .text._ZN12_GLOBAL__N_122generic_error_categoryD2Ev
                0x8002e350        0x8 /opt/libdragon/bin/../lib/gcc/mips64-elf/14.2.0/../../../../mips64-elf/lib/libstdc++.a(system_error.o)
 .text._ZNK12_GLOBAL__N_121system_error_category4nameEv
                0x8002e358       0x10 /opt/libdragon/bin/../lib/gcc/mips64-elf/14.2.0/../../../../mips64-elf/lib/libstdc++.a(system_error.o)
 .text._ZNK12_GLOBAL__N_121system_error_category23default_error_conditionEi
                0x8002e368       0xb0 /opt/libdragon/bin/../lib/gcc/mips64-elf/14.2.0/../../../../mips64-elf/lib/libstdc++.a(system_error.o)
 .text._ZN12_GLOBAL__N_121system_error_categoryD2Ev
                0x8002e418        0x8 /opt/libdragon/bin/../lib/gcc/mips64-elf/14.2.0/../../../../mips64-elf/lib/libstdc++.a(system_error.o)
 .text._ZNKSt3_V214error_category23default_error_conditionEi
                0x8002e420       0x10 /opt/libdragon/bin/../lib/gcc/mips64-elf/14.2.0/../../../../mips64-elf/lib/libstdc++.a(system_error.o)
                0x8002e420                _ZNKSt3_V214error_category23default_error_conditionEi
 .text._ZNKSt3_V214error_category10equivalentERKSt10error_codei
                0x8002e430       0x28 /opt/libdragon/bin/../lib/gcc/mips64-elf/14.2.0/../../../../mips64-elf/lib/libstdc++.a(system_error.o)
                0x8002e430                _ZNKSt3_V214error_category10equivalentERKSt10error_codei
 .text._ZN12_GLOBAL__N_113constant_initINS_22generic_error_categoryEED2Ev
                0x8002e458        0x8 /opt/libdragon/bin/../lib/gcc/mips64-elf/14.2.0/../../../../mips64-elf/lib/libstdc++.a(system_error.o)
 .text._ZN12_GLOBAL__N_113constant_initINS_21system_error_categoryEED2Ev
                0x8002e460        0x8 /opt/libdragon/bin/../lib/gcc/mips64-elf/14.2.0/../../../../mips64-elf/lib/libstdc++.a(system_error.o)
 .text._ZNK12_GLOBAL__N_122generic_error_category7messageB5cxx11Ei
                0x8002e468      0x168 /opt/libdragon/bin/../lib/gcc/mips64-elf/14.2.0/../../../../mips64-elf/lib/libstdc++.a(system_error.o)
 .text._ZN12_GLOBAL__N_122generic_error_categoryD0Ev
                0x8002e5d0        0x8 /opt/libdragon/bin/../lib/gcc/mips64-elf/14.2.0/../../../../mips64-elf/lib/libstdc++.a(system_error.o)
 .text._ZN12_GLOBAL__N_121system_error_categoryD0Ev
                0x8002e5d8        0x8 /opt/libdragon/bin/../lib/gcc/mips64-elf/14.2.0/../../../../mips64-elf/lib/libstdc++.a(system_error.o)
 .text._ZNKSt3_V214error_category10_M_messageB5cxx11Ei
                0x8002e5e0       0x70 /opt/libdragon/bin/../lib/gcc/mips64-elf/14.2.0/../../../../mips64-elf/lib/libstdc++.a(system_error.o)
                0x8002e5e0                _ZNKSt3_V214error_category10_M_messageB5cxx11Ei
 .text._ZNK12_GLOBAL__N_121system_error_category10equivalentEiRKSt15error_condition
                0x8002e650       0xc8 /opt/libdragon/bin/../lib/gcc/mips64-elf/14.2.0/../../../../mips64-elf/lib/libstdc++.a(system_error.o)
 .text.startup._GLOBAL__sub_I__ZSt20__throw_system_errori
                0x8002e718       0x38 /opt/libdragon/bin/../lib/gcc/mips64-elf/14.2.0/../../../../mips64-elf/lib/libstdc++.a(system_error.o)
 .text._ZNKSt9bad_alloc4whatEv
                0x8002e750       0x10 /opt/libdragon/bin/../lib/gcc/mips64-elf/14.2.0/../../../../mips64-elf/lib/libstdc++.a(bad_alloc.o)
                0x8002e750                _ZNKSt9bad_alloc4whatEv
 .text._ZNSt9bad_allocD2Ev
                0x8002e760       0x10 /opt/libdragon/bin/../lib/gcc/mips64-elf/14.2.0/../../../../mips64-elf/lib/libstdc++.a(bad_alloc.o)
                0x8002e760                _ZNSt9bad_allocD2Ev
                0x8002e760                _ZNSt9bad_allocD1Ev
 .text._ZNSt9bad_allocD0Ev
                0x8002e770       0x38 /opt/libdragon/bin/../lib/gcc/mips64-elf/14.2.0/../../../../mips64-elf/lib/libstdc++.a(bad_alloc.o)
                0x8002e770                _ZNSt9bad_allocD0Ev
 .text._ZNK10__cxxabiv117__class_type_info11__do_upcastEPKS0_PPv
                0x8002e7a8       0x68 /opt/libdragon/bin/../lib/gcc/mips64-elf/14.2.0/../../../../mips64-elf/lib/libstdc++.a(class_type_info.o)
                0x8002e7a8                _ZNK10__cxxabiv117__class_type_info11__do_upcastEPKS0_PPv
 .text._ZNK10__cxxabiv117__class_type_info20__do_find_public_srcEiPKvPKS0_S2_
                0x8002e810       0x20 /opt/libdragon/bin/../lib/gcc/mips64-elf/14.2.0/../../../../mips64-elf/lib/libstdc++.a(class_type_info.o)
                0x8002e810                _ZNK10__cxxabiv117__class_type_info20__do_find_public_srcEiPKvPKS0_S2_
 .text._ZN10__cxxabiv117__class_type_infoD2Ev
                0x8002e830       0x10 /opt/libdragon/bin/../lib/gcc/mips64-elf/14.2.0/../../../../mips64-elf/lib/libstdc++.a(class_type_info.o)
                0x8002e830                _ZN10__cxxabiv117__class_type_infoD1Ev
                0x8002e830                _ZN10__cxxabiv117__class_type_infoD2Ev
 .text._ZN10__cxxabiv117__class_type_infoD0Ev
                0x8002e840       0x38 /opt/libdragon/bin/../lib/gcc/mips64-elf/14.2.0/../../../../mips64-elf/lib/libstdc++.a(class_type_info.o)
                0x8002e840                _ZN10__cxxabiv117__class_type_infoD0Ev
 .text._ZNK10__cxxabiv117__class_type_info11__do_upcastEPKS0_PKvRNS0_15__upcast_resultE
                0x8002e878       0x98 /opt/libdragon/bin/../lib/gcc/mips64-elf/14.2.0/../../../../mips64-elf/lib/libstdc++.a(class_type_info.o)
                0x8002e878                _ZNK10__cxxabiv117__class_type_info11__do_upcastEPKS0_PKvRNS0_15__upcast_resultE
 .text._ZNK10__cxxabiv117__class_type_info10__do_catchEPKSt9type_infoPPvj
                0x8002e910       0xc0 /opt/libdragon/bin/../lib/gcc/mips64-elf/14.2.0/../../../../mips64-elf/lib/libstdc++.a(class_type_info.o)
                0x8002e910                _ZNK10__cxxabiv117__class_type_info10__do_catchEPKSt9type_infoPPvj
 .text._ZNK10__cxxabiv117__class_type_info12__do_dyncastEiNS0_10__sub_kindEPKS0_PKvS3_S5_RNS0_16__dyncast_resultE
                0x8002e9d0      0x128 /opt/libdragon/bin/../lib/gcc/mips64-elf/14.2.0/../../../../mips64-elf/lib/libstdc++.a(class_type_info.o)
                0x8002e9d0                _ZNK10__cxxabiv117__class_type_info12__do_dyncastEiNS0_10__sub_kindEPKS0_PKvS3_S5_RNS0_16__dyncast_resultE
 .text._ZdlPv   0x8002eaf8        0x8 /opt/libdragon/bin/../lib/gcc/mips64-elf/14.2.0/../../../../mips64-elf/lib/libstdc++.a(del_op.o)
                0x8002eaf8                _ZdlPv
 .text.unlikely.__cxa_call_terminate
                0x8002eb00       0x54 /opt/libdragon/bin/../lib/gcc/mips64-elf/14.2.0/../../../../mips64-elf/lib/libstdc++.a(eh_call.o)
                0x8002eb00                __cxa_call_terminate
 *fill*         0x8002eb54        0x4 
 .text.__cxa_current_exception_type
                0x8002eb58       0x48 /opt/libdragon/bin/../lib/gcc/mips64-elf/14.2.0/../../../../mips64-elf/lib/libstdc++.a(eh_type.o)
                0x8002eb58                __cxa_current_exception_type
 .text._ZSt15get_new_handlerv
                0x8002eba0       0x10 /opt/libdragon/bin/../lib/gcc/mips64-elf/14.2.0/../../../../mips64-elf/lib/libstdc++.a(new_handler.o)
                0x8002eba0                _ZSt15get_new_handlerv
 *(keep.text.*)
 *(.init)
 .init          0x8002ebb0        0x8 /opt/libdragon/bin/../lib/gcc/mips64-elf/14.2.0/crti.o
                0x8002ebb0                _init
 *(.fini)
 .fini          0x8002ebb8        0x8 /opt/libdragon/bin/../lib/gcc/mips64-elf/14.2.0/crti.o
                0x8002ebb8                _fini
 *(.gnu.linkonce.t.*)
                0x8002ebc0                        . = ALIGN (0x10)
                0x8002ebc0                        __text_end = .

.eh_frame_hdr
 *(.eh_frame_hdr)

.eh_frame       0x8002ebc0     0x16a8
                0x8002ebc0                        __EH_FRAME_BEGIN__ = .
 *(.eh_frame)
 .eh_frame      0x8002ebc0        0x0 /opt/libdragon/bin/../lib/gcc/mips64-elf/14.2.0/crtbegin.o
 .eh_frame      0x8002ebc0       0x6c build/cpptest.o
 .eh_frame      0x8002ec2c       0x50 /opt/libdragon/bin/../lib/gcc/mips64-elf/14.2.0/../../../../mips64-elf/lib/libdragon.a(debugcpp.o)
                                 0x80 (size before relaxing)
 .eh_frame      0x8002ec7c       0x14 /opt/libdragon/bin/../lib/gcc/mips64-elf/14.2.0/../../../../mips64-elf/lib/libstdc++.a(del_ops.o)
                                 0x28 (size before relaxing)
 .eh_frame      0x8002ec90       0xcc /opt/libdragon/bin/../lib/gcc/mips64-elf/14.2.0/../../../../mips64-elf/lib/libstdc++.a(eh_alloc.o)
                                0x100 (size before relaxing)
 .eh_frame      0x8002ed5c       0x58 /opt/libdragon/bin/../lib/gcc/mips64-elf/14.2.0/../../../../mips64-elf/lib/libstdc++.a(eh_catch.o)
                                 0xb8 (size before relaxing)
 .eh_frame      0x8002edb4       0x14 /opt/libdragon/bin/../lib/gcc/mips64-elf/14.2.0/../../../../mips64-elf/lib/libstdc++.a(eh_exception.o)
                                0x104 (size before relaxing)
 .eh_frame      0x8002edc8       0x28 /opt/libdragon/bin/../lib/gcc/mips64-elf/14.2.0/../../../../mips64-elf/lib/libstdc++.a(eh_globals.o)
                                 0x3c (size before relaxing)
 .eh_frame      0x8002edf0      0x128 /opt/libdragon/bin/../lib/gcc/mips64-elf/14.2.0/../../../../mips64-elf/lib/libstdc++.a(eh_personality.o)
                                0x17c (size before relaxing)
 .eh_frame      0x8002ef18       0xac /opt/libdragon/bin/../lib/gcc/mips64-elf/14.2.0/../../../../mips64-elf/lib/libstdc++.a(eh_ptr.o)
                                0x290 (size before relaxing)
 .eh_frame      0x8002efc4       0xa0 /opt/libdragon/bin/../lib/gcc/mips64-elf/14.2.0/../../../../mips64-elf/lib/libstdc++.a(eh_terminate.o)
                                 0xe4 (size before relaxing)
 .eh_frame      0x8002f064       0x88 /opt/libdragon/bin/../lib/gcc/mips64-elf/14.2.0/../../../../mips64-elf/lib/libstdc++.a(eh_throw.o)
                                 0x9c (size before relaxing)
 .eh_frame      0x8002f0ec       0x34 /opt/libdragon/bin/../lib/gcc/mips64-elf/14.2.0/../../../../mips64-elf/lib/libstdc++.a(fundamental_type_info.o)
                                 0x48 (size before relaxing)
 .eh_frame      0x8002f120       0x20 /opt/libdragon/bin/../lib/gcc/mips64-elf/14.2.0/../../../../mips64-elf/lib/libstdc++.a(new_op.o)
                                 0x34 (size before relaxing)
 .eh_frame      0x8002f140        0x0 /opt/libdragon/bin/../lib/gcc/mips64-elf/14.2.0/../../../../mips64-elf/lib/libstdc++.a(pointer_type_info.o)
                                 0x88 (size before relaxing)
 .eh_frame      0x8002f140       0xe8 /opt/libdragon/bin/../lib/gcc/mips64-elf/14.2.0/../../../../mips64-elf/lib/libstdc++.a(si_class_type_info.o)
                                 0xfc (size before relaxing)
 .eh_frame      0x8002f228       0x58 /opt/libdragon/bin/../lib/gcc/mips64-elf/14.2.0/../../../../mips64-elf/lib/libstdc++.a(tinfo.o)
                                 0x80 (size before relaxing)
 .eh_frame      0x8002f280       0x20 /opt/libdragon/bin/../lib/gcc/mips64-elf/14.2.0/../../../../mips64-elf/lib/libstdc++.a(vterminate.o)
                                 0x3c (size before relaxing)
 .eh_frame      0x8002f2a0       0xec /opt/libdragon/bin/../lib/gcc/mips64-elf/14.2.0/../../../../mips64-elf/lib/libstdc++.a(stdexcept.o)
                                0x474 (size before relaxing)
 .eh_frame      0x8002f38c       0xc8 /opt/libdragon/bin/../lib/gcc/mips64-elf/14.2.0/../../../../mips64-elf/lib/libstdc++.a(cow-stdexcept.o)
                                0x9ec (size before relaxing)
 .eh_frame      0x8002f454       0x38 /opt/libdragon/bin/../lib/gcc/mips64-elf/14.2.0/../../../../mips64-elf/lib/libstdc++.a(cow-string-inst.o)
                               0x244c (size before relaxing)
 .eh_frame      0x8002f48c       0x40 /opt/libdragon/bin/../lib/gcc/mips64-elf/14.2.0/../../../../mips64-elf/lib/libstdc++.a(functexcept.o)
                                0x1f0 (size before relaxing)
 .eh_frame      0x8002f4cc        0x0 /opt/libdragon/bin/../lib/gcc/mips64-elf/14.2.0/../../../../mips64-elf/lib/libstdc++.a(random.o)
                                0x220 (size before relaxing)
 .eh_frame      0x8002f4cc        0x0 /opt/libdragon/bin/../lib/gcc/mips64-elf/14.2.0/../../../../mips64-elf/lib/libstdc++.a(snprintf_lite.o)
                                 0x9c (size before relaxing)
 .eh_frame      0x8002f4cc        0x0 /opt/libdragon/bin/../lib/gcc/mips64-elf/14.2.0/../../../../mips64-elf/lib/libstdc++.a(sso_string.o)
                                0x1a0 (size before relaxing)
 .eh_frame      0x8002f4cc       0x60 /opt/libdragon/bin/../lib/gcc/mips64-elf/14.2.0/../../../../mips64-elf/lib/libstdc++.a(string-inst.o)
                               0x251c (size before relaxing)
 .eh_frame      0x8002f52c      0x17c /opt/libdragon/bin/../lib/gcc/mips64-elf/14.2.0/../../../../mips64-elf/lib/libstdc++.a(system_error.o)
                                0x298 (size before relaxing)
 .eh_frame      0x8002f6a8       0x48 /opt/libdragon/bin/../lib/gcc/mips64-elf/14.2.0/../../../../mips64-elf/lib/libstdc++.a(bad_alloc.o)
                                 0x5c (size before relaxing)
 .eh_frame      0x8002f6f0        0x0 /opt/libdragon/bin/../lib/gcc/mips64-elf/14.2.0/../../../../mips64-elf/lib/libstdc++.a(bad_array_new.o)
                                 0x5c (size before relaxing)
 .eh_frame      0x8002f6f0        0x0 /opt/libdragon/bin/../lib/gcc/mips64-elf/14.2.0/../../../../mips64-elf/lib/libstdc++.a(bad_cast.o)
                                 0x5c (size before relaxing)
 .eh_frame      0x8002f6f0        0x0 /opt/libdragon/bin/../lib/gcc/mips64-elf/14.2.0/../../../../mips64-elf/lib/libstdc++.a(bad_typeid.o)
                                 0x5c (size before relaxing)
 .eh_frame      0x8002f6f0      0x104 /opt/libdragon/bin/../lib/gcc/mips64-elf/14.2.0/../../../../mips64-elf/lib/libstdc++.a(class_type_info.o)
                                0x118 (size before relaxing)
 .eh_frame      0x8002f7f4       0x14 /opt/libdragon/bin/../lib/gcc/mips64-elf/14.2.0/../../../../mips64-elf/lib/libstdc++.a(del_op.o)
                                 0x28 (size before relaxing)
 .eh_frame      0x8002f808       0x1c /opt/libdragon/bin/../lib/gcc/mips64-elf/14.2.0/../../../../mips64-elf/lib/libstdc++.a(eh_call.o)
                                 0x30 (size before relaxing)
 .eh_frame      0x8002f824       0x20 /opt/libdragon/bin/../lib/gcc/mips64-elf/14.2.0/../../../../mips64-elf/lib/libstdc++.a(eh_type.o)
                                 0x34 (size before relaxing)
 .eh_frame      0x8002f844       0x14 /opt/libdragon/bin/../lib/gcc/mips64-elf/14.2.0/../../../../mips64-elf/lib/libstdc++.a(new_handler.o)
                                 0x3c (size before relaxing)
 .eh_frame      0x8002f858        0x0 /opt/libdragon/bin/../lib/gcc/mips64-elf/14.2.0/../../../../mips64-elf/lib/libstdc++.a(pbase_type_info.o)
                                 0xc0 (size before relaxing)
 .eh_frame      0x8002f858        0x0 /opt/libdragon/bin/../lib/gcc/mips64-elf/14.2.0/../../../../mips64-elf/lib/libstdc++.a(pmem_type_info.o)
                                 0x7c (size before relaxing)
 .eh_frame      0x8002f858        0x0 /opt/libdragon/bin/../lib/gcc/mips64-elf/14.2.0/../../../../mips64-elf/lib/libstdc++.a(cxx11-stdexcept.o)
                                0x188 (size before relaxing)
 .eh_frame      0x8002f858      0x5fc /opt/libdragon/bin/../lib/gcc/mips64-elf/14.2.0/libgcc.a(unwind-dw2.o)
                                0x610 (size before relaxing)
 .eh_frame      0x8002fe54      0x410 /opt/libdragon/bin/../lib/gcc/mips64-elf/14.2.0/libgcc.a(unwind-dw2-fde.o)
                                0x424 (size before relaxing)
 .eh_frame      0x80030264        0x4 /opt/libdragon/bin/../lib/gcc/mips64-elf/14.2.0/crtend.o

.gcc_except_table
                0x80030268      0x124
 *(.gcc_except_table*)
 .gcc_except_table.main
                0x80030268       0x38 build/cpptest.o
 .gcc_except_table._ZL17terminate_handlerv
                0x800302a0       0x2c /opt/libdragon/bin/../lib/gcc/mips64-elf/14.2.0/../../../../mips64-elf/lib/libdragon.a(debugcpp.o)
 .gcc_except_table.__gxx_personality_v0
                0x800302cc       0x1c /opt/libdragon/bin/../lib/gcc/mips64-elf/14.2.0/../../../../mips64-elf/lib/libstdc++.a(eh_personality.o)
 .gcc_except_table._ZNSt15__exception_ptr13exception_ptr10_M_releaseEv
                0x800302e8        0x4 /opt/libdragon/bin/../lib/gcc/mips64-elf/14.2.0/../../../../mips64-elf/lib/libstdc++.a(eh_ptr.o)
 .gcc_except_table._ZN10__cxxabiv111__terminateEPFvvE
                0x800302ec       0x10 /opt/libdragon/bin/../lib/gcc/mips64-elf/14.2.0/../../../../mips64-elf/lib/libstdc++.a(eh_terminate.o)
 .gcc_except_table._ZN9__gnu_cxx27__verbose_terminate_handlerEv
                0x800302fc       0x2c /opt/libdragon/bin/../lib/gcc/mips64-elf/14.2.0/../../../../mips64-elf/lib/libstdc++.a(vterminate.o)
 .gcc_except_table._ZNSt11logic_errorC2EPKc
                0x80030328       0x14 /opt/libdragon/bin/../lib/gcc/mips64-elf/14.2.0/../../../../mips64-elf/lib/libstdc++.a(cow-stdexcept.o)
 .gcc_except_table._ZNSt13runtime_errorC2EPKc
                0x8003033c       0x14 /opt/libdragon/bin/../lib/gcc/mips64-elf/14.2.0/../../../../mips64-elf/lib/libstdc++.a(cow-stdexcept.o)
 .gcc_except_table._ZSt19__throw_logic_errorPKc
                0x80030350        0xc /opt/libdragon/bin/../lib/gcc/mips64-elf/14.2.0/../../../../mips64-elf/lib/libstdc++.a(functexcept.o)
 .gcc_except_table._ZSt20__throw_length_errorPKc
                0x8003035c        0xc /opt/libdragon/bin/../lib/gcc/mips64-elf/14.2.0/../../../../mips64-elf/lib/libstdc++.a(functexcept.o)
 .gcc_except_table._ZNK12_GLOBAL__N_122generic_error_category7messageB5cxx11Ei
                0x80030368       0x14 /opt/libdragon/bin/../lib/gcc/mips64-elf/14.2.0/../../../../mips64-elf/lib/libstdc++.a(system_error.o)
 .gcc_except_table._ZNKSt3_V214error_category10_M_messageB5cxx11Ei
                0x8003037c       0x10 /opt/libdragon/bin/../lib/gcc/mips64-elf/14.2.0/../../../../mips64-elf/lib/libstdc++.a(system_error.o)

.jcr
 *(.jcr)

.rodata         0x80030390     0x6cf8
 *(.rdata)
 *(.rodata)
 .rodata        0x80030390      0xe38 /opt/libdragon/bin/../lib/gcc/mips64-elf/14.2.0/../../../../mips64-elf/lib/libstdc++.a(cp-demangle.o)
 .rodata        0x800311c8      0x288 /opt/libdragon/bin/../lib/gcc/mips64-elf/14.2.0/../../../../mips64-elf/lib/libc.a(libc_a-ctype_.o)
                0x800311c8                _ctype_
                0x800312d0                _ctype_b
 .rodata        0x80031450      0x188 /opt/libdragon/bin/../lib/gcc/mips64-elf/14.2.0/../../../../mips64-elf/lib/libc.a(libc_a-vfprintf.o)
 .rodata        0x800315d8      0x23c /opt/libdragon/bin/../lib/gcc/mips64-elf/14.2.0/../../../../mips64-elf/lib/libc.a(libc_a-strerror.o)
 *fill*         0x80031814        0x4 
 .rodata        0x80031818      0x128 /opt/libdragon/bin/../lib/gcc/mips64-elf/14.2.0/../../../../mips64-elf/lib/libc.a(libc_a-mprec.o)
                0x80031828                __mprec_tinytens
                0x80031850                __mprec_bigtens
                0x80031878                __mprec_tens
 .rodata        0x80031940      0x188 /opt/libdragon/bin/../lib/gcc/mips64-elf/14.2.0/../../../../mips64-elf/lib/libc.a(libc_a-svfprintf.o)
 .rodata        0x80031ac8      0x384 /opt/libdragon/bin/../lib/gcc/mips64-elf/14.2.0/libgcc.a(unwind-dw2.o)
 *fill*         0x80031e4c        0x4 
 .rodata        0x80031e50       0x40 /opt/libdragon/bin/../lib/gcc/mips64-elf/14.2.0/libgcc.a(unwind-dw2-fde.o)
 *(.rodata.*)
 .rodata.main.str1.8
                0x80031e90     0x3d5e build/cpptest.o
                                 0xc7 (size before relaxing)
 .rodata.cb.0.str1.8
                0x80035bee       0x1d /opt/libdragon/bin/../lib/gcc/mips64-elf/14.2.0/../../../../mips64-elf/lib/libdragon.a(debug.o)
 .rodata.debug_assert_func_f.str1.8
                0x80035bee       0x45 /opt/libdragon/bin/../lib/gcc/mips64-elf/14.2.0/../../../../mips64-elf/lib/libdragon.a(debug.o)
 .rodata.debug_hexdump.str1.8
                0x80035bee       0x2b /opt/libdragon/bin/../lib/gcc/mips64-elf/14.2.0/../../../../mips64-elf/lib/libdragon.a(debug.o)
 .rodata.__debug_backtrace.str1.8
                0x80035bee        0xc /opt/libdragon/bin/../lib/gcc/mips64-elf/14.2.0/../../../../mips64-elf/lib/libdragon.a(debug.o)
 .rodata._ZL17terminate_handlerv.str1.8
                0x80035bee       0x32 /opt/libdragon/bin/../lib/gcc/mips64-elf/14.2.0/../../../../mips64-elf/lib/libdragon.a(debugcpp.o)
 *fill*         0x80035bee        0x2 
 .rodata.RESOLUTION_640x240
                0x80035bf0        0xc /opt/libdragon/bin/../lib/gcc/mips64-elf/14.2.0/../../../../mips64-elf/lib/libdragon.a(console.o)
 .rodata.controller_scan.str1.8
                0x80035bfc       0x51 /opt/libdragon/bin/../lib/gcc/mips64-elf/14.2.0/../../../../mips64-elf/lib/libdragon.a(controller.o)
 *fill*         0x80035bfc        0x4 
 .rodata.__func__.2
                0x80035c00       0x10 /opt/libdragon/bin/../lib/gcc/mips64-elf/14.2.0/../../../../mips64-elf/lib/libdragon.a(controller.o)
 .rodata.SI_read_con_block.8
                0x80035c10       0x40 /opt/libdragon/bin/../lib/gcc/mips64-elf/14.2.0/../../../../mips64-elf/lib/libdragon.a(controller.o)
 .rodata.SI_read_con_block.9
                0x80035c50       0x40 /opt/libdragon/bin/../lib/gcc/mips64-elf/14.2.0/../../../../mips64-elf/lib/libdragon.a(controller.o)
 .rodata.__font_data
                0x80035c90      0x800 /opt/libdragon/bin/../lib/gcc/mips64-elf/14.2.0/../../../../mips64-elf/lib/libdragon.a(graphics.o)
 .rodata.cb.2.str1.8
                0x80036490       0x22 /opt/libdragon/bin/../lib/gcc/mips64-elf/14.2.0/../../../../mips64-elf/lib/libdragon.a(inspector.o)
 .rodata.cb.1.str1.8
                0x80036490        0xc /opt/libdragon/bin/../lib/gcc/mips64-elf/14.2.0/../../../../mips64-elf/lib/libdragon.a(inspector.o)
 .rodata.cb.0.str1.8
                0x80036490       0x27 /opt/libdragon/bin/../lib/gcc/mips64-elf/14.2.0/../../../../mips64-elf/lib/libdragon.a(inspector.o)
 .rodata.cb.3.str1.8
                0x80036490       0x2a /opt/libdragon/bin/../lib/gcc/mips64-elf/14.2.0/../../../../mips64-elf/lib/libdragon.a(inspector.o)
 .rodata.inspector_stdout
                0x80036490       0x54 /opt/libdragon/bin/../lib/gcc/mips64-elf/14.2.0/../../../../mips64-elf/lib/libdragon.a(inspector.o)
 .rodata.mips_disasm.str1.8
                0x800364e4      0x1ce /opt/libdragon/bin/../lib/gcc/mips64-elf/14.2.0/../../../../mips64-elf/lib/libdragon.a(inspector.o)
 .rodata.mips_disasm
                0x800364e4       0xc0 /opt/libdragon/bin/../lib/gcc/mips64-elf/14.2.0/../../../../mips64-elf/lib/libdragon.a(inspector.o)
 .rodata.inspector.str1.8
                0x800365a4      0x22c /opt/libdragon/bin/../lib/gcc/mips64-elf/14.2.0/../../../../mips64-elf/lib/libdragon.a(inspector.o)
 .rodata.inspector
                0x800365a4       0x14 /opt/libdragon/bin/../lib/gcc/mips64-elf/14.2.0/../../../../mips64-elf/lib/libdragon.a(inspector.o)
 .rodata.str1.8
                0x800365b8      0x69b /opt/libdragon/bin/../lib/gcc/mips64-elf/14.2.0/../../../../mips64-elf/lib/libdragon.a(inspector.o)
 .rodata.CSWTCH.128
                0x800365b8       0x14 /opt/libdragon/bin/../lib/gcc/mips64-elf/14.2.0/../../../../mips64-elf/lib/libdragon.a(inspector.o)
 *fill*         0x800365cc        0x4 
 .rodata.fpu_ops.7
                0x800365d0      0x100 /opt/libdragon/bin/../lib/gcc/mips64-elf/14.2.0/../../../../mips64-elf/lib/libdragon.a(inspector.o)
 .rodata.special.8
                0x800366d0      0x100 /opt/libdragon/bin/../lib/gcc/mips64-elf/14.2.0/../../../../mips64-elf/lib/libdragon.a(inspector.o)
 .rodata.ops.9  0x800367d0      0x100 /opt/libdragon/bin/../lib/gcc/mips64-elf/14.2.0/../../../../mips64-elf/lib/libdragon.a(inspector.o)
 .rodata.RESOLUTION_640x240